Archive member included to satisfy reference by file (symbol)

d:/program files (x86)/stm32cubeide_1.7.0/stm32cubeide/plugins/com.st.stm32cube.ide.mcu.externaltools.gnu-tools-for-stm32.9-2020-q2-update.win32_2.0.0.202105311346/tools/bin/../lib/gcc/arm-none-eabi/9.3.1/../../../../arm-none-eabi/lib/thumb/v7e-m+fp/hard\libstdc++_nano.a(del_ops.o)
                              ./Algorithm/Task_Scheduler/Task_Scheduler.o (operator delete(void*, unsigned int))
d:/program files (x86)/stm32cubeide_1.7.0/stm32cubeide/plugins/com.st.stm32cube.ide.mcu.externaltools.gnu-tools-for-stm32.9-2020-q2-update.win32_2.0.0.202105311346/tools/bin/../lib/gcc/arm-none-eabi/9.3.1/../../../../arm-none-eabi/lib/thumb/v7e-m+fp/hard\libstdc++_nano.a(new_op.o)
                              ./Core/Src/main.o (operator new(unsigned int))
d:/program files (x86)/stm32cubeide_1.7.0/stm32cubeide/plugins/com.st.stm32cube.ide.mcu.externaltools.gnu-tools-for-stm32.9-2020-q2-update.win32_2.0.0.202105311346/tools/bin/../lib/gcc/arm-none-eabi/9.3.1/../../../../arm-none-eabi/lib/thumb/v7e-m+fp/hard\libstdc++_nano.a(del_op.o)
                              d:/program files (x86)/stm32cubeide_1.7.0/stm32cubeide/plugins/com.st.stm32cube.ide.mcu.externaltools.gnu-tools-for-stm32.9-2020-q2-update.win32_2.0.0.202105311346/tools/bin/../lib/gcc/arm-none-eabi/9.3.1/../../../../arm-none-eabi/lib/thumb/v7e-m+fp/hard\libstdc++_nano.a(del_ops.o) (operator delete(void*))
d:/program files (x86)/stm32cubeide_1.7.0/stm32cubeide/plugins/com.st.stm32cube.ide.mcu.externaltools.gnu-tools-for-stm32.9-2020-q2-update.win32_2.0.0.202105311346/tools/bin/../lib/gcc/arm-none-eabi/9.3.1/../../../../arm-none-eabi/lib/thumb/v7e-m+fp/hard\libstdc++_nano.a(new_handler.o)
                              d:/program files (x86)/stm32cubeide_1.7.0/stm32cubeide/plugins/com.st.stm32cube.ide.mcu.externaltools.gnu-tools-for-stm32.9-2020-q2-update.win32_2.0.0.202105311346/tools/bin/../lib/gcc/arm-none-eabi/9.3.1/../../../../arm-none-eabi/lib/thumb/v7e-m+fp/hard\libstdc++_nano.a(new_op.o) (std::get_new_handler())
d:/program files (x86)/stm32cubeide_1.7.0/stm32cubeide/plugins/com.st.stm32cube.ide.mcu.externaltools.gnu-tools-for-stm32.9-2020-q2-update.win32_2.0.0.202105311346/tools/bin/../lib/gcc/arm-none-eabi/9.3.1/../../../../arm-none-eabi/lib/thumb/v7e-m+fp/hard\libc_nano.a(lib_a-abort.o)
                              d:/program files (x86)/stm32cubeide_1.7.0/stm32cubeide/plugins/com.st.stm32cube.ide.mcu.externaltools.gnu-tools-for-stm32.9-2020-q2-update.win32_2.0.0.202105311346/tools/bin/../lib/gcc/arm-none-eabi/9.3.1/../../../../arm-none-eabi/lib/thumb/v7e-m+fp/hard\libstdc++_nano.a(new_op.o) (abort)
d:/program files (x86)/stm32cubeide_1.7.0/stm32cubeide/plugins/com.st.stm32cube.ide.mcu.externaltools.gnu-tools-for-stm32.9-2020-q2-update.win32_2.0.0.202105311346/tools/bin/../lib/gcc/arm-none-eabi/9.3.1/../../../../arm-none-eabi/lib/thumb/v7e-m+fp/hard\libc_nano.a(lib_a-errno.o)
                              ./Core/Src/syscalls.o (__errno)
d:/program files (x86)/stm32cubeide_1.7.0/stm32cubeide/plugins/com.st.stm32cube.ide.mcu.externaltools.gnu-tools-for-stm32.9-2020-q2-update.win32_2.0.0.202105311346/tools/bin/../lib/gcc/arm-none-eabi/9.3.1/../../../../arm-none-eabi/lib/thumb/v7e-m+fp/hard\libc_nano.a(lib_a-exit.o)
                              d:/program files (x86)/stm32cubeide_1.7.0/stm32cubeide/plugins/com.st.stm32cube.ide.mcu.externaltools.gnu-tools-for-stm32.9-2020-q2-update.win32_2.0.0.202105311346/tools/bin/../lib/gcc/arm-none-eabi/9.3.1/../../../../arm-none-eabi/lib/thumb/v7e-m+fp/hard/crt0.o (exit)
d:/program files (x86)/stm32cubeide_1.7.0/stm32cubeide/plugins/com.st.stm32cube.ide.mcu.externaltools.gnu-tools-for-stm32.9-2020-q2-update.win32_2.0.0.202105311346/tools/bin/../lib/gcc/arm-none-eabi/9.3.1/../../../../arm-none-eabi/lib/thumb/v7e-m+fp/hard\libc_nano.a(lib_a-impure.o)
                              d:/program files (x86)/stm32cubeide_1.7.0/stm32cubeide/plugins/com.st.stm32cube.ide.mcu.externaltools.gnu-tools-for-stm32.9-2020-q2-update.win32_2.0.0.202105311346/tools/bin/../lib/gcc/arm-none-eabi/9.3.1/../../../../arm-none-eabi/lib/thumb/v7e-m+fp/hard\libc_nano.a(lib_a-exit.o) (_global_impure_ptr)
d:/program files (x86)/stm32cubeide_1.7.0/stm32cubeide/plugins/com.st.stm32cube.ide.mcu.externaltools.gnu-tools-for-stm32.9-2020-q2-update.win32_2.0.0.202105311346/tools/bin/../lib/gcc/arm-none-eabi/9.3.1/../../../../arm-none-eabi/lib/thumb/v7e-m+fp/hard\libc_nano.a(lib_a-init.o)
                              d:/program files (x86)/stm32cubeide_1.7.0/stm32cubeide/plugins/com.st.stm32cube.ide.mcu.externaltools.gnu-tools-for-stm32.9-2020-q2-update.win32_2.0.0.202105311346/tools/bin/../lib/gcc/arm-none-eabi/9.3.1/../../../../arm-none-eabi/lib/thumb/v7e-m+fp/hard/crt0.o (__libc_init_array)
[...]
Memory Configuration

Name             Origin             Length             Attributes
CCMRAM           0x0000000010000000 0x0000000000010000 xrw
RAM              0x0000000020000000 0x0000000000020000 xrw
FLASH            0x0000000008000000 0x0000000000100000 xr
*default*        0x0000000000000000 0xffffffffffffffff

Linker script and memory map

LOAD d:/program files (x86)/stm32cubeide_1.7.0/stm32cubeide/plugins/com.st.stm32cube.ide.mcu.externaltools.gnu-tools-for-stm32.9-2020-q2-update.win32_2.0.0.202105311346/tools/bin/../lib/gcc/arm-none-eabi/9.3.1/thumb/v7e-m+fp/hard/crti.o
LOAD d:/program files (x86)/stm32cubeide_1.7.0/stm32cubeide/plugins/com.st.stm32cube.ide.mcu.externaltools.gnu-tools-for-stm32.9-2020-q2-update.win32_2.0.0.202105311346/tools/bin/../lib/gcc/arm-none-eabi/9.3.1/thumb/v7e-m+fp/hard/crtbegin.o
LOAD d:/program files (x86)/stm32cubeide_1.7.0/stm32cubeide/plugins/com.st.stm32cube.ide.mcu.externaltools.gnu-tools-for-stm32.9-2020-q2-update.win32_2.0.0.202105311346/tools/bin/../lib/gcc/arm-none-eabi/9.3.1/../../../../arm-none-eabi/lib/thumb/v7e-m+fp/hard/crt0.o
LOAD ./Algorithm/Task_Scheduler/Task_Scheduler.o
LOAD ./Core/Src/gpio.o
LOAD ./Core/Src/main.o
LOAD ./Core/Src/spi.o
LOAD ./Core/Src/stm32f4xx_hal_msp.o
LOAD ./Core/Src/stm32f4xx_it.o
LOAD ./Core/Src/syscalls.o
LOAD ./Core/Src/sysmem.o
LOAD ./Core/Src/system_stm32f4xx.o
LOAD ./Core/Src/tim.o
LOAD ./Core/Startup/startup_stm32f407zgtx.o
LOAD ./Drivers/STM32F4xx_HAL_Driver/Src/stm32f4xx_hal.o
LOAD ./Drivers/STM32F4xx_HAL_Driver/Src/stm32f4xx_hal_cortex.o
LOAD ./Drivers/STM32F4xx_HAL_Driver/Src/stm32f4xx_hal_dma.o
LOAD ./Drivers/STM32F4xx_HAL_Driver/Src/stm32f4xx_hal_dma_ex.o
LOAD ./Drivers/STM32F4xx_HAL_Driver/Src/stm32f4xx_hal_exti.o
LOAD ./Drivers/STM32F4xx_HAL_Driver/Src/stm32f4xx_hal_flash.o
LOAD ./Drivers/STM32F4xx_HAL_Driver/Src/stm32f4xx_hal_flash_ex.o
LOAD ./Drivers/STM32F4xx_HAL_Driver/Src/stm32f4xx_hal_flash_ramfunc.o
LOAD ./Drivers/STM32F4xx_HAL_Driver/Src/stm32f4xx_hal_gpio.o
LOAD ./Drivers/STM32F4xx_HAL_Driver/Src/stm32f4xx_hal_pwr.o
LOAD ./Drivers/STM32F4xx_HAL_Driver/Src/stm32f4xx_hal_pwr_ex.o
LOAD ./Drivers/STM32F4xx_HAL_Driver/Src/stm32f4xx_hal_rcc.o
LOAD ./Drivers/STM32F4xx_HAL_Driver/Src/stm32f4xx_hal_rcc_ex.o
LOAD ./Drivers/STM32F4xx_HAL_Driver/Src/stm32f4xx_hal_spi.o
LOAD ./Drivers/STM32F4xx_HAL_Driver/Src/stm32f4xx_hal_tim.o
LOAD ./Drivers/STM32F4xx_HAL_Driver/Src/stm32f4xx_hal_tim_ex.o
LOAD ./Hardware/SPI/SPI.o
LOAD ./Hardware/TIMER/TIMER.o
START GROUP
LOAD d:/program files (x86)/stm32cubeide_1.7.0/stm32cubeide/plugins/com.st.stm32cube.ide.mcu.externaltools.gnu-tools-for-stm32.9-2020-q2-update.win32_2.0.0.202105311346/tools/bin/../lib/gcc/arm-none-eabi/9.3.1/../../../../arm-none-eabi/lib/thumb/v7e-m+fp/hard\libstdc++_nano.a
LOAD d:/program files (x86)/stm32cubeide_1.7.0/stm32cubeide/plugins/com.st.stm32cube.ide.mcu.externaltools.gnu-tools-for-stm32.9-2020-q2-update.win32_2.0.0.202105311346/tools/bin/../lib/gcc/arm-none-eabi/9.3.1/../../../../arm-none-eabi/lib/thumb/v7e-m+fp/hard\libsupc++_nano.a
END GROUP
LOAD d:/program files (x86)/stm32cubeide_1.7.0/stm32cubeide/plugins/com.st.stm32cube.ide.mcu.externaltools.gnu-tools-for-stm32.9-2020-q2-update.win32_2.0.0.202105311346/tools/bin/../lib/gcc/arm-none-eabi/9.3.1/../../../../arm-none-eabi/lib/thumb/v7e-m+fp/hard\libstdc++_nano.a
LOAD d:/program files (x86)/stm32cubeide_1.7.0/stm32cubeide/plugins/com.st.stm32cube.ide.mcu.externaltools.gnu-tools-for-stm32.9-2020-q2-update.win32_2.0.0.202105311346/tools/bin/../lib/gcc/arm-none-eabi/9.3.1/../../../../arm-none-eabi/lib/thumb/v7e-m+fp/hard\libm.a
LOAD d:/program files (x86)/stm32cubeide_1.7.0/stm32cubeide/plugins/com.st.stm32cube.ide.mcu.externaltools.gnu-tools-for-stm32.9-2020-q2-update.win32_2.0.0.202105311346/tools/bin/../lib/gcc/arm-none-eabi/9.3.1/../../../../arm-none-eabi/lib/thumb/v7e-m+fp/hard\libc_nano.a
START GROUP
LOAD d:/program files (x86)/stm32cubeide_1.7.0/stm32cubeide/plugins/com.st.stm32cube.ide.mcu.externaltools.gnu-tools-for-stm32.9-2020-q2-update.win32_2.0.0.202105311346/tools/bin/../lib/gcc/arm-none-eabi/9.3.1/thumb/v7e-m+fp/hard\libgcc.a
LOAD d:/program files (x86)/stm32cubeide_1.7.0/stm32cubeide/plugins/com.st.stm32cube.ide.mcu.externaltools.gnu-tools-for-stm32.9-2020-q2-update.win32_2.0.0.202105311346/tools/bin/../lib/gcc/arm-none-eabi/9.3.1/../../../../arm-none-eabi/lib/thumb/v7e-m+fp/hard\libc_nano.a
END GROUP
START GROUP
LOAD d:/program files (x86)/stm32cubeide_1.7.0/stm32cubeide/plugins/com.st.stm32cube.ide.mcu.externaltools.gnu-tools-for-stm32.9-2020-q2-update.win32_2.0.0.202105311346/tools/bin/../lib/gcc/arm-none-eabi/9.3.1/thumb/v7e-m+fp/hard\libgcc.a
LOAD d:/program files (x86)/stm32cubeide_1.7.0/stm32cubeide/plugins/com.st.stm32cube.ide.mcu.externaltools.gnu-tools-for-stm32.9-2020-q2-update.win32_2.0.0.202105311346/tools/bin/../lib/gcc/arm-none-eabi/9.3.1/../../../../arm-none-eabi/lib/thumb/v7e-m+fp/hard\libc_nano.a
LOAD d:/program files (x86)/stm32cubeide_1.7.0/stm32cubeide/plugins/com.st.stm32cube.ide.mcu.externaltools.gnu-tools-for-stm32.9-2020-q2-update.win32_2.0.0.202105311346/tools/bin/../lib/gcc/arm-none-eabi/9.3.1/../../../../arm-none-eabi/lib/thumb/v7e-m+fp/hard\libnosys.a
END GROUP
START GROUP
LOAD d:/program files (x86)/stm32cubeide_1.7.0/stm32cubeide/plugins/com.st.stm32cube.ide.mcu.externaltools.gnu-tools-for-stm32.9-2020-q2-update.win32_2.0.0.202105311346/tools/bin/../lib/gcc/arm-none-eabi/9.3.1/thumb/v7e-m+fp/hard\libgcc.a
LOAD d:/program files (x86)/stm32cubeide_1.7.0/stm32cubeide/plugins/com.st.stm32cube.ide.mcu.externaltools.gnu-tools-for-stm32.9-2020-q2-update.win32_2.0.0.202105311346/tools/bin/../lib/gcc/arm-none-eabi/9.3.1/../../../../arm-none-eabi/lib/thumb/v7e-m+fp/hard\libc_nano.a
LOAD d:/program files (x86)/stm32cubeide_1.7.0/stm32cubeide/plugins/com.st.stm32cube.ide.mcu.externaltools.gnu-tools-for-stm32.9-2020-q2-update.win32_2.0.0.202105311346/tools/bin/../lib/gcc/arm-none-eabi/9.3.1/../../../../arm-none-eabi/lib/thumb/v7e-m+fp/hard\libnosys.a
END GROUP
LOAD d:/program files (x86)/stm32cubeide_1.7.0/stm32cubeide/plugins/com.st.stm32cube.ide.mcu.externaltools.gnu-tools-for-stm32.9-2020-q2-update.win32_2.0.0.202105311346/tools/bin/../lib/gcc/arm-none-eabi/9.3.1/thumb/v7e-m+fp/hard/crtend.o
LOAD d:/program files (x86)/stm32cubeide_1.7.0/stm32cubeide/plugins/com.st.stm32cube.ide.mcu.externaltools.gnu-tools-for-stm32.9-2020-q2-update.win32_2.0.0.202105311346/tools/bin/../lib/gcc/arm-none-eabi/9.3.1/thumb/v7e-m+fp/hard/crtn.o
                0x0000000020020000                _estack = (ORIGIN (RAM) + LENGTH (RAM))
                0x0000000000000200                _Min_Heap_Size = 0x200
                0x0000000000000400                _Min_Stack_Size = 0x400

.isr_vector     0x0000000008000000      0x188
                0x0000000008000000                . = ALIGN (0x4)
 *(.isr_vector)
 .isr_vector    0x0000000008000000      0x188 ./Core/Startup/startup_stm32f407zgtx.o
                0x0000000008000000                g_pfnVectors
                0x0000000008000188                . = ALIGN (0x4)

.text           0x0000000008000188     0x3abc
                0x0000000008000188                . = ALIGN (0x4)
 *(.text)
 .text          0x0000000008000188       0x40 d:/program files (x86)/stm32cubeide_1.7.0/stm32cubeide/plugins/com.st.stm32cube.ide.mcu.externaltools.gnu-tools-for-stm32.9-2020-q2-update.win32_2.0.0.202105311346/tools/bin/../lib/gcc/arm-none-eabi/9.3.1/thumb/v7e-m+fp/hard/crtbegin.o
 .text          0x00000000080001c8       0x30 d:/program files (x86)/stm32cubeide_1.7.0/stm32cubeide/plugins/com.st.stm32cube.ide.mcu.externaltools.gnu-tools-for-stm32.9-2020-q2-update.win32_2.0.0.202105311346/tools/bin/../lib/gcc/arm-none-eabi/9.3.1/thumb/v7e-m+fp/hard\libgcc.a(_aeabi_uldivmod.o)
                0x00000000080001c8                __aeabi_uldivmod
 .text          0x00000000080001f8      0x2c4 d:/program files (x86)/stm32cubeide_1.7.0/stm32cubeide/plugins/com.st.stm32cube.ide.mcu.externaltools.gnu-tools-for-stm32.9-2020-q2-update.win32_2.0.0.202105311346/tools/bin/../lib/gcc/arm-none-eabi/9.3.1/thumb/v7e-m+fp/hard\libgcc.a(_udivmoddi4.o)
                0x00000000080001f8                __udivmoddi4
 .text          0x00000000080004bc        0x4 d:/program files (x86)/stm32cubeide_1.7.0/stm32cubeide/plugins/com.st.stm32cube.ide.mcu.externaltools.gnu-tools-for-stm32.9-2020-q2-update.win32_2.0.0.202105311346/tools/bin/../lib/gcc/arm-none-eabi/9.3.1/thumb/v7e-m+fp/hard\libgcc.a(_dvmd_tls.o)
                0x00000000080004bc                __aeabi_idiv0
                0x00000000080004bc                __aeabi_ldiv0
 *(.text*)
 .text._ZN14Task_Scheduler4TaskEv
                0x00000000080004c0       0x88 ./Algorithm/Task_Scheduler/Task_Scheduler.o
                0x00000000080004c0                Task_Scheduler::Task()
 .text._ZN14Task_Scheduler11Task_1000hzEv
                0x0000000008000548       0x24 ./Algorithm/Task_Scheduler/Task_Scheduler.o
                0x0000000008000548                Task_Scheduler::Task_1000hz()
 .text._ZN14Task_Scheduler10Task_500hzEv
                0x000000000800056c       0x24 ./Algorithm/Task_Scheduler/Task_Scheduler.o
                0x000000000800056c                Task_Scheduler::Task_500hz()
 .text._ZN14Task_Scheduler10Task_200hzEv
                0x0000000008000590       0x24 ./Algorithm/Task_Scheduler/Task_Scheduler.o
                0x0000000008000590                Task_Scheduler::Task_200hz()
 .text._ZN14Task_Scheduler10Task_100hzEv
                0x00000000080005b4       0x24 ./Algorithm/Task_Scheduler/Task_Scheduler.o
                0x00000000080005b4                Task_Scheduler::Task_100hz()
 .text._ZN14Task_Scheduler9Task_10hzEv
                0x00000000080005d8       0x24 ./Algorithm/Task_Scheduler/Task_Scheduler.o
                0x00000000080005d8                Task_Scheduler::Task_10hz()
 .text._ZN14Task_Scheduler8Task_1hzEv
                0x00000000080005fc       0x24 ./Algorithm/Task_Scheduler/Task_Scheduler.o
                0x00000000080005fc                Task_Scheduler::Task_1hz()
 .text._ZN14Task_SchedulerC2EP17TIM_HandleTypeDefP11TIM_TypeDefjj
                0x0000000008000620       0xb4 ./Algorithm/Task_Scheduler/Task_Scheduler.o
                0x0000000008000620                Task_Scheduler::Task_Scheduler(TIM_HandleTypeDef*, TIM_TypeDef*, unsigned int, unsigned int)
                0x0000000008000620                Task_Scheduler::Task_Scheduler(TIM_HandleTypeDef*, TIM_TypeDef*, unsigned int, unsigned int)
 .text._ZN14Task_Scheduler15Timer_InterruptEv
                0x00000000080006d4       0xd4 ./Algorithm/Task_Scheduler/Task_Scheduler.o
                0x00000000080006d4                Task_Scheduler::Timer_Interrupt()
 .text._ZN14Task_SchedulerD2Ev
                0x00000000080007a8       0x24 ./Algorithm/Task_Scheduler/Task_Scheduler.o
                0x00000000080007a8                Task_Scheduler::~Task_Scheduler()
                0x00000000080007a8                Task_Scheduler::~Task_Scheduler()
 .text._ZN14Task_SchedulerD0Ev
                0x00000000080007cc       0x20 ./Algorithm/Task_Scheduler/Task_Scheduler.o
                0x00000000080007cc                Task_Scheduler::~Task_Scheduler()
 .text.MX_GPIO_Init
                0x00000000080007ec       0xf8 ./Core/Src/gpio.o
                0x00000000080007ec                MX_GPIO_Init
 .text.main     0x00000000080008e4       0xa4 ./Core/Src/main.o
                0x00000000080008e4                main
 .text._Z18SystemClock_Configv
                0x0000000008000988       0xe8 ./Core/Src/main.o
                0x0000000008000988                SystemClock_Config()
 .text.HAL_TIM_PeriodElapsedCallback
                0x0000000008000a70       0x30 ./Core/Src/main.o
                0x0000000008000a70                HAL_TIM_PeriodElapsedCallback
 .text.Error_Handler
                0x0000000008000aa0        0xa ./Core/Src/main.o
                0x0000000008000aa0                Error_Handler
 *fill*         0x0000000008000aaa        0x2 
 .text.HAL_MspInit
                0x0000000008000aac       0x5c ./Core/Src/stm32f4xx_hal_msp.o
                0x0000000008000aac                HAL_MspInit
 .text.NMI_Handler
                0x0000000008000b08        0x6 ./Core/Src/stm32f4xx_it.o
                0x0000000008000b08                NMI_Handler
 .text.HardFault_Handler
                0x0000000008000b0e        0x6 ./Core/Src/stm32f4xx_it.o
                0x0000000008000b0e                HardFault_Handler
 .text.MemManage_Handler
                0x0000000008000b14        0x6 ./Core/Src/stm32f4xx_it.o
                0x0000000008000b14                MemManage_Handler
 .text.BusFault_Handler
                0x0000000008000b1a        0x6 ./Core/Src/stm32f4xx_it.o
                0x0000000008000b1a                BusFault_Handler
 .text.UsageFault_Handler
                0x0000000008000b20        0x6 ./Core/Src/stm32f4xx_it.o
                0x0000000008000b20                UsageFault_Handler
 .text.SVC_Handler
                0x0000000008000b26        0xe ./Core/Src/stm32f4xx_it.o
                0x0000000008000b26                SVC_Handler
 .text.DebugMon_Handler
                0x0000000008000b34        0xe ./Core/Src/stm32f4xx_it.o
                0x0000000008000b34                DebugMon_Handler
 .text.PendSV_Handler
                0x0000000008000b42        0xe ./Core/Src/stm32f4xx_it.o
                0x0000000008000b42                PendSV_Handler
 .text.SysTick_Handler
                0x0000000008000b50        0xc ./Core/Src/stm32f4xx_it.o
                0x0000000008000b50                SysTick_Handler
 .text.RCC_IRQHandler
                0x0000000008000b5c        0xe ./Core/Src/stm32f4xx_it.o
                0x0000000008000b5c                RCC_IRQHandler
 *fill*         0x0000000008000b6a        0x2 
 .text.TIM6_DAC_IRQHandler
                0x0000000008000b6c       0x14 ./Core/Src/stm32f4xx_it.o
                0x0000000008000b6c                TIM6_DAC_IRQHandler
 .text._getpid  0x0000000008000b80       0x10 ./Core/Src/syscalls.o
                0x0000000008000b80                _getpid
 .text._kill    0x0000000008000b90       0x20 ./Core/Src/syscalls.o
                0x0000000008000b90                _kill
 .text._exit    0x0000000008000bb0       0x14 ./Core/Src/syscalls.o
                0x0000000008000bb0                _exit
 .text._sbrk    0x0000000008000bc4       0x6c ./Core/Src/sysmem.o
                0x0000000008000bc4                _sbrk
 .text.SystemInit
                0x0000000008000c30       0x24 ./Core/Src/system_stm32f4xx.o
                0x0000000008000c30                SystemInit
 .text.HAL_TIM_Base_MspInit
                0x0000000008000c54      0x234 ./Core/Src/tim.o
                0x0000000008000c54                HAL_TIM_Base_MspInit
 .text.Reset_Handler
                0x0000000008000e88       0x50 ./Core/Startup/startup_stm32f407zgtx.o
                0x0000000008000e88                Reset_Handler
 .text.Default_Handler
                0x0000000008000ed8        0x2 ./Core/Startup/startup_stm32f407zgtx.o
                0x0000000008000ed8                RTC_Alarm_IRQHandler
                0x0000000008000ed8                HASH_RNG_IRQHandler
                0x0000000008000ed8                EXTI2_IRQHandler
                0x0000000008000ed8                TIM8_CC_IRQHandler
                0x0000000008000ed8                TIM1_CC_IRQHandler
                0x0000000008000ed8                DMA2_Stream5_IRQHandler
                0x0000000008000ed8                DMA1_Stream5_IRQHandler
                0x0000000008000ed8                PVD_IRQHandler
                0x0000000008000ed8                SDIO_IRQHandler
                0x0000000008000ed8                TAMP_STAMP_IRQHandler
                0x0000000008000ed8                CAN2_RX1_IRQHandler
                0x0000000008000ed8                EXTI3_IRQHandler
                0x0000000008000ed8                TIM8_TRG_COM_TIM14_IRQHandler
                0x0000000008000ed8                TIM1_UP_TIM10_IRQHandler
                0x0000000008000ed8                TIM8_UP_TIM13_IRQHandler
                0x0000000008000ed8                I2C3_ER_IRQHandler
                0x0000000008000ed8                EXTI0_IRQHandler
                0x0000000008000ed8                I2C2_EV_IRQHandler
                0x0000000008000ed8                DMA1_Stream2_IRQHandler
                0x0000000008000ed8                CAN1_RX0_IRQHandler
                0x0000000008000ed8                FPU_IRQHandler
                0x0000000008000ed8                OTG_HS_WKUP_IRQHandler
                0x0000000008000ed8                CAN2_SCE_IRQHandler
                0x0000000008000ed8                DMA2_Stream2_IRQHandler
                0x0000000008000ed8                SPI1_IRQHandler
                0x0000000008000ed8                TIM1_BRK_TIM9_IRQHandler
                0x0000000008000ed8                DCMI_IRQHandler
                0x0000000008000ed8                CAN2_RX0_IRQHandler
                0x0000000008000ed8                DMA2_Stream3_IRQHandler
                0x0000000008000ed8                USART6_IRQHandler
                0x0000000008000ed8                USART3_IRQHandler
                0x0000000008000ed8                CAN1_RX1_IRQHandler
                0x0000000008000ed8                UART5_IRQHandler
                0x0000000008000ed8                DMA2_Stream0_IRQHandler
                0x0000000008000ed8                TIM4_IRQHandler
                0x0000000008000ed8                I2C1_EV_IRQHandler
                0x0000000008000ed8                DMA1_Stream6_IRQHandler
                0x0000000008000ed8                DMA1_Stream1_IRQHandler
                0x0000000008000ed8                UART4_IRQHandler
                0x0000000008000ed8                TIM3_IRQHandler
                0x0000000008000ed8                TIM8_BRK_TIM12_IRQHandler
                0x0000000008000ed8                Default_Handler
                0x0000000008000ed8                EXTI15_10_IRQHandler
                0x0000000008000ed8                ADC_IRQHandler
                0x0000000008000ed8                DMA1_Stream7_IRQHandler
                0x0000000008000ed8                TIM7_IRQHandler
                0x0000000008000ed8                CAN2_TX_IRQHandler
                0x0000000008000ed8                TIM5_IRQHandler
                0x0000000008000ed8                DMA2_Stream7_IRQHandler
                0x0000000008000ed8                I2C3_EV_IRQHandler
                0x0000000008000ed8                EXTI9_5_IRQHandler
                0x0000000008000ed8                RTC_WKUP_IRQHandler
                0x0000000008000ed8                ETH_WKUP_IRQHandler
                0x0000000008000ed8                SPI2_IRQHandler
                0x0000000008000ed8                OTG_HS_EP1_IN_IRQHandler
                0x0000000008000ed8                DMA1_Stream0_IRQHandler
                0x0000000008000ed8                CAN1_TX_IRQHandler
                0x0000000008000ed8                EXTI4_IRQHandler
                0x0000000008000ed8                FSMC_IRQHandler
                0x0000000008000ed8                ETH_IRQHandler
                0x0000000008000ed8                OTG_HS_EP1_OUT_IRQHandler
                0x0000000008000ed8                WWDG_IRQHandler
                0x0000000008000ed8                TIM2_IRQHandler
                0x0000000008000ed8                OTG_FS_WKUP_IRQHandler
                0x0000000008000ed8                TIM1_TRG_COM_TIM11_IRQHandler
                0x0000000008000ed8                OTG_HS_IRQHandler
                0x0000000008000ed8                EXTI1_IRQHandler
                0x0000000008000ed8                USART2_IRQHandler
                0x0000000008000ed8                I2C2_ER_IRQHandler
                0x0000000008000ed8                DMA2_Stream1_IRQHandler
                0x0000000008000ed8                CAN1_SCE_IRQHandler
                0x0000000008000ed8                FLASH_IRQHandler
                0x0000000008000ed8                DMA2_Stream4_IRQHandler
                0x0000000008000ed8                USART1_IRQHandler
                0x0000000008000ed8                OTG_FS_IRQHandler
                0x0000000008000ed8                SPI3_IRQHandler
                0x0000000008000ed8                DMA1_Stream4_IRQHandler
                0x0000000008000ed8                I2C1_ER_IRQHandler
                0x0000000008000ed8                DMA2_Stream6_IRQHandler
                0x0000000008000ed8                DMA1_Stream3_IRQHandler
 *fill*         0x0000000008000eda        0x2 
 .text.HAL_Init
                0x0000000008000edc       0x44 ./Drivers/STM32F4xx_HAL_Driver/Src/stm32f4xx_hal.o
                0x0000000008000edc                HAL_Init
 .text.HAL_InitTick
                0x0000000008000f20       0x60 ./Drivers/STM32F4xx_HAL_Driver/Src/stm32f4xx_hal.o
                0x0000000008000f20                HAL_InitTick
 .text.HAL_IncTick
                0x0000000008000f80       0x28 ./Drivers/STM32F4xx_HAL_Driver/Src/stm32f4xx_hal.o
                0x0000000008000f80                HAL_IncTick
 .text.HAL_GetTick
                0x0000000008000fa8       0x18 ./Drivers/STM32F4xx_HAL_Driver/Src/stm32f4xx_hal.o
                0x0000000008000fa8                HAL_GetTick
 .text.__NVIC_SetPriorityGrouping
                0x0000000008000fc0       0x48 ./Drivers/STM32F4xx_HAL_Driver/Src/stm32f4xx_hal_cortex.o
 .text.__NVIC_GetPriorityGrouping
                0x0000000008001008       0x1c ./Drivers/STM32F4xx_HAL_Driver/Src/stm32f4xx_hal_cortex.o
 .text.__NVIC_EnableIRQ
                0x0000000008001024       0x3c ./Drivers/STM32F4xx_HAL_Driver/Src/stm32f4xx_hal_cortex.o
 .text.__NVIC_DisableIRQ
                0x0000000008001060       0x48 ./Drivers/STM32F4xx_HAL_Driver/Src/stm32f4xx_hal_cortex.o
 .text.__NVIC_SetPriority
                0x00000000080010a8       0x54 ./Drivers/STM32F4xx_HAL_Driver/Src/stm32f4xx_hal_cortex.o
 .text.NVIC_EncodePriority
                0x00000000080010fc       0x66 ./Drivers/STM32F4xx_HAL_Driver/Src/stm32f4xx_hal_cortex.o
 *fill*         0x0000000008001162        0x2 
 .text.SysTick_Config
                0x0000000008001164       0x44 ./Drivers/STM32F4xx_HAL_Driver/Src/stm32f4xx_hal_cortex.o
 .text.HAL_NVIC_SetPriorityGrouping
                0x00000000080011a8       0x16 ./Drivers/STM32F4xx_HAL_Driver/Src/stm32f4xx_hal_cortex.o
                0x00000000080011a8                HAL_NVIC_SetPriorityGrouping
 .text.HAL_NVIC_SetPriority
                0x00000000080011be       0x38 ./Drivers/STM32F4xx_HAL_Driver/Src/stm32f4xx_hal_cortex.o
                0x00000000080011be                HAL_NVIC_SetPriority
 .text.HAL_NVIC_EnableIRQ
                0x00000000080011f6       0x1c ./Drivers/STM32F4xx_HAL_Driver/Src/stm32f4xx_hal_cortex.o
                0x00000000080011f6                HAL_NVIC_EnableIRQ
 .text.HAL_NVIC_DisableIRQ
                0x0000000008001212       0x1c ./Drivers/STM32F4xx_HAL_Driver/Src/stm32f4xx_hal_cortex.o
                0x0000000008001212                HAL_NVIC_DisableIRQ
 .text.HAL_SYSTICK_Config
                0x000000000800122e       0x18 ./Drivers/STM32F4xx_HAL_Driver/Src/stm32f4xx_hal_cortex.o
                0x000000000800122e                HAL_SYSTICK_Config
 *fill*         0x0000000008001246        0x2 
 .text.HAL_GPIO_Init
                0x0000000008001248      0x338 ./Drivers/STM32F4xx_HAL_Driver/Src/stm32f4xx_hal_gpio.o
                0x0000000008001248                HAL_GPIO_Init
 .text.HAL_GPIO_DeInit
                0x0000000008001580      0x1f8 ./Drivers/STM32F4xx_HAL_Driver/Src/stm32f4xx_hal_gpio.o
                0x0000000008001580                HAL_GPIO_DeInit
 .text.HAL_GPIO_WritePin
                0x0000000008001778       0x32 ./Drivers/STM32F4xx_HAL_Driver/Src/stm32f4xx_hal_gpio.o
                0x0000000008001778                HAL_GPIO_WritePin
 *fill*         0x00000000080017aa        0x2 
 .text.HAL_RCC_OscConfig
                0x00000000080017ac      0x4f0 ./Drivers/STM32F4xx_HAL_Driver/Src/stm32f4xx_hal_rcc.o
                0x00000000080017ac                HAL_RCC_OscConfig
 .text.HAL_RCC_ClockConfig
                0x0000000008001c9c      0x1cc ./Drivers/STM32F4xx_HAL_Driver/Src/stm32f4xx_hal_rcc.o
                0x0000000008001c9c                HAL_RCC_ClockConfig
 .text.HAL_RCC_GetSysClockFreq
                0x0000000008001e68      0x16c ./Drivers/STM32F4xx_HAL_Driver/Src/stm32f4xx_hal_rcc.o
                0x0000000008001e68                HAL_RCC_GetSysClockFreq
 .text.HAL_TIM_Base_Init
                0x0000000008001fd4       0x9e ./Drivers/STM32F4xx_HAL_Driver/Src/stm32f4xx_hal_tim.o
                0x0000000008001fd4                HAL_TIM_Base_Init
 *fill*         0x0000000008002072        0x2 
 .text.HAL_TIM_Base_Start_IT
                0x0000000008002074       0xe0 ./Drivers/STM32F4xx_HAL_Driver/Src/stm32f4xx_hal_tim.o
                0x0000000008002074                HAL_TIM_Base_Start_IT
 .text.HAL_TIM_PWM_Init
                0x0000000008002154       0x9e ./Drivers/STM32F4xx_HAL_Driver/Src/stm32f4xx_hal_tim.o
                0x0000000008002154                HAL_TIM_PWM_Init
 .text.HAL_TIM_PWM_MspInit
                0x00000000080021f2       0x14 ./Drivers/STM32F4xx_HAL_Driver/Src/stm32f4xx_hal_tim.o
                0x00000000080021f2                HAL_TIM_PWM_MspInit
 *fill*         0x0000000008002206        0x2 
 .text.HAL_TIM_PWM_Start
                0x0000000008002208      0x190 ./Drivers/STM32F4xx_HAL_Driver/Src/stm32f4xx_hal_tim.o
                0x0000000008002208                HAL_TIM_PWM_Start
 .text.HAL_TIM_IRQHandler
                0x0000000008002398      0x210 ./Drivers/STM32F4xx_HAL_Driver/Src/stm32f4xx_hal_tim.o
                0x0000000008002398                HAL_TIM_IRQHandler
 .text.HAL_TIM_PWM_ConfigChannel
                0x00000000080025a8      0x184 ./Drivers/STM32F4xx_HAL_Driver/Src/stm32f4xx_hal_tim.o
                0x00000000080025a8                HAL_TIM_PWM_ConfigChannel
 .text.HAL_TIM_ConfigClockSource
                0x000000000800272c      0x18e ./Drivers/STM32F4xx_HAL_Driver/Src/stm32f4xx_hal_tim.o
                0x000000000800272c                HAL_TIM_ConfigClockSource
 .text.HAL_TIM_OC_DelayElapsedCallback
                0x00000000080028ba       0x14 ./Drivers/STM32F4xx_HAL_Driver/Src/stm32f4xx_hal_tim.o
                0x00000000080028ba                HAL_TIM_OC_DelayElapsedCallback
 .text.HAL_TIM_IC_CaptureCallback
                0x00000000080028ce       0x14 ./Drivers/STM32F4xx_HAL_Driver/Src/stm32f4xx_hal_tim.o
                0x00000000080028ce                HAL_TIM_IC_CaptureCallback
 .text.HAL_TIM_PWM_PulseFinishedCallback
                0x00000000080028e2       0x14 ./Drivers/STM32F4xx_HAL_Driver/Src/stm32f4xx_hal_tim.o
                0x00000000080028e2                HAL_TIM_PWM_PulseFinishedCallback
 .text.HAL_TIM_TriggerCallback
                0x00000000080028f6       0x14 ./Drivers/STM32F4xx_HAL_Driver/Src/stm32f4xx_hal_tim.o
                0x00000000080028f6                HAL_TIM_TriggerCallback
 *fill*         0x000000000800290a        0x2 
 .text.TIM_Base_SetConfig
                0x000000000800290c      0x140 ./Drivers/STM32F4xx_HAL_Driver/Src/stm32f4xx_hal_tim.o
                0x000000000800290c                TIM_Base_SetConfig
 .text.TIM_OC1_SetConfig
                0x0000000008002a4c       0xe0 ./Drivers/STM32F4xx_HAL_Driver/Src/stm32f4xx_hal_tim.o
 .text.TIM_OC2_SetConfig
                0x0000000008002b2c       0xec ./Drivers/STM32F4xx_HAL_Driver/Src/stm32f4xx_hal_tim.o
                0x0000000008002b2c                TIM_OC2_SetConfig
 .text.TIM_OC3_SetConfig
                0x0000000008002c18       0xe8 ./Drivers/STM32F4xx_HAL_Driver/Src/stm32f4xx_hal_tim.o
 .text.TIM_OC4_SetConfig
                0x0000000008002d00       0xac ./Drivers/STM32F4xx_HAL_Driver/Src/stm32f4xx_hal_tim.o
 .text.TIM_TI1_ConfigInputStage
                0x0000000008002dac       0x5e ./Drivers/STM32F4xx_HAL_Driver/Src/stm32f4xx_hal_tim.o
 .text.TIM_TI2_ConfigInputStage
                0x0000000008002e0a       0x60 ./Drivers/STM32F4xx_HAL_Driver/Src/stm32f4xx_hal_tim.o
 .text.TIM_ITRx_SetConfig
                0x0000000008002e6a       0x36 ./Drivers/STM32F4xx_HAL_Driver/Src/stm32f4xx_hal_tim.o
 .text.TIM_ETR_SetConfig
                0x0000000008002ea0       0x40 ./Drivers/STM32F4xx_HAL_Driver/Src/stm32f4xx_hal_tim.o
                0x0000000008002ea0                TIM_ETR_SetConfig
 .text.TIM_CCxChannelCmd
                0x0000000008002ee0       0x4a ./Drivers/STM32F4xx_HAL_Driver/Src/stm32f4xx_hal_tim.o
                0x0000000008002ee0                TIM_CCxChannelCmd
 *fill*         0x0000000008002f2a        0x2 
 .text.HAL_TIMEx_MasterConfigSynchronization
                0x0000000008002f2c       0xf8 ./Drivers/STM32F4xx_HAL_Driver/Src/stm32f4xx_hal_tim_ex.o
                0x0000000008002f2c                HAL_TIMEx_MasterConfigSynchronization
 .text.HAL_TIMEx_ConfigBreakDeadTime
                0x0000000008003024       0xa4 ./Drivers/STM32F4xx_HAL_Driver/Src/stm32f4xx_hal_tim_ex.o
                0x0000000008003024                HAL_TIMEx_ConfigBreakDeadTime
 .text.HAL_TIMEx_CommutCallback
                0x00000000080030c8       0x14 ./Drivers/STM32F4xx_HAL_Driver/Src/stm32f4xx_hal_tim_ex.o
                0x00000000080030c8                HAL_TIMEx_CommutCallback
 .text.HAL_TIMEx_BreakCallback
                0x00000000080030dc       0x14 ./Drivers/STM32F4xx_HAL_Driver/Src/stm32f4xx_hal_tim_ex.o
                0x00000000080030dc                HAL_TIMEx_BreakCallback
 .text._ZN5TimerC2EP17TIM_HandleTypeDefP11TIM_TypeDefjj
                0x00000000080030f0       0x40 ./Hardware/TIMER/TIMER.o
                0x00000000080030f0                Timer::Timer(TIM_HandleTypeDef*, TIM_TypeDef*, unsigned int, unsigned int)
                0x00000000080030f0                Timer::Timer(TIM_HandleTypeDef*, TIM_TypeDef*, unsigned int, unsigned int)
 .text._ZN5TimerD2Ev
                0x0000000008003130       0x28 ./Hardware/TIMER/TIMER.o
                0x0000000008003130                Timer::~Timer()
                0x0000000008003130                Timer::~Timer()
 .text._ZN5TimerD0Ev
                0x0000000008003158       0x20 ./Hardware/TIMER/TIMER.o
                0x0000000008003158                Timer::~Timer()
 .text._ZN5Timer13TIM_Base_InitEv
                0x0000000008003178       0xd4 ./Hardware/TIMER/TIMER.o
                0x0000000008003178                Timer::TIM_Base_Init()
 .text._ZN5Timer16TIM_Base_MspInitEP17TIM_HandleTypeDef
                0x000000000800324c      0x22c ./Hardware/TIMER/TIMER.o
                0x000000000800324c                Timer::TIM_Base_MspInit(TIM_HandleTypeDef*)
 .text._ZN5Timer15TIM_MspPostInitEP17TIM_HandleTypeDef
                0x0000000008003478       0xc8 ./Hardware/TIMER/TIMER.o
                0x0000000008003478                Timer::TIM_MspPostInit(TIM_HandleTypeDef*)
 .text._ZN5Timer18TIM_Base_MspDeInitEP17TIM_HandleTypeDef
                0x0000000008003540       0xec ./Hardware/TIMER/TIMER.o
                0x0000000008003540                Timer::TIM_Base_MspDeInit(TIM_HandleTypeDef*)
 .text._ZN9Timer_PWMC2EP17TIM_HandleTypeDefP11TIM_TypeDefjj
                0x000000000800362c      0x25c ./Hardware/TIMER/TIMER.o
                0x000000000800362c                Timer_PWM::Timer_PWM(TIM_HandleTypeDef*, TIM_TypeDef*, unsigned int, unsigned int)
                0x000000000800362c                Timer_PWM::Timer_PWM(TIM_HandleTypeDef*, TIM_TypeDef*, unsigned int, unsigned int)
 .text._ZN9Timer_PWMD2Ev
                0x0000000008003888       0x24 ./Hardware/TIMER/TIMER.o
                0x0000000008003888                Timer_PWM::~Timer_PWM()
                0x0000000008003888                Timer_PWM::~Timer_PWM()
 .text._ZN9Timer_PWMD0Ev
                0x00000000080038ac       0x20 ./Hardware/TIMER/TIMER.o
                0x00000000080038ac                Timer_PWM::~Timer_PWM()
 .text._ZN9Timer_PWM7PWM_OutEhj
                0x00000000080038cc       0x78 ./Hardware/TIMER/TIMER.o
                0x00000000080038cc                Timer_PWM::PWM_Out(unsigned char, unsigned int)
 .text._ZdlPvj  0x0000000008003944        0x4 d:/program files (x86)/stm32cubeide_1.7.0/stm32cubeide/plugins/com.st.stm32cube.ide.mcu.externaltools.gnu-tools-for-stm32.9-2020-q2-update.win32_2.0.0.202105311346/tools/bin/../lib/gcc/arm-none-eabi/9.3.1/../../../../arm-none-eabi/lib/thumb/v7e-m+fp/hard\libstdc++_nano.a(del_ops.o)
                0x0000000008003944                operator delete(void*, unsigned int)
 .text._Znwj    0x0000000008003948       0x22 d:/program files (x86)/stm32cubeide_1.7.0/stm32cubeide/plugins/com.st.stm32cube.ide.mcu.externaltools.gnu-tools-for-stm32.9-2020-q2-update.win32_2.0.0.202105311346/tools/bin/../lib/gcc/arm-none-eabi/9.3.1/../../../../arm-none-eabi/lib/thumb/v7e-m+fp/hard\libstdc++_nano.a(new_op.o)
                0x0000000008003948                operator new(unsigned int)
 .text._ZdlPv   0x000000000800396a        0x4 d:/program files (x86)/stm32cubeide_1.7.0/stm32cubeide/plugins/com.st.stm32cube.ide.mcu.externaltools.gnu-tools-for-stm32.9-2020-q2-update.win32_2.0.0.202105311346/tools/bin/../lib/gcc/arm-none-eabi/9.3.1/../../../../arm-none-eabi/lib/thumb/v7e-m+fp/hard\libstdc++_nano.a(del_op.o)
                0x000000000800396a                operator delete(void*)
 *fill*         0x000000000800396e        0x2 
 .text._ZSt15get_new_handlerv
                0x0000000008003970       0x10 d:/program files (x86)/stm32cubeide_1.7.0/stm32cubeide/plugins/com.st.stm32cube.ide.mcu.externaltools.gnu-tools-for-stm32.9-2020-q2-update.win32_2.0.0.202105311346/tools/bin/../lib/gcc/arm-none-eabi/9.3.1/../../../../arm-none-eabi/lib/thumb/v7e-m+fp/hard\libstdc++_nano.a(new_handler.o)
                0x0000000008003970                std::get_new_handler()
 .text.abort    0x0000000008003980        0xe d:/program files (x86)/stm32cubeide_1.7.0/stm32cubeide/plugins/com.st.stm32cube.ide.mcu.externaltools.gnu-tools-for-stm32.9-2020-q2-update.win32_2.0.0.202105311346/tools/bin/../lib/gcc/arm-none-eabi/9.3.1/../../../../arm-none-eabi/lib/thumb/v7e-m+fp/hard\libc_nano.a(lib_a-abort.o)
                0x0000000008003980                abort
 *fill*         0x000000000800398e        0x2 
 .text.__errno  0x0000000008003990        0xc d:/program files (x86)/stm32cubeide_1.7.0/stm32cubeide/plugins/com.st.stm32cube.ide.mcu.externaltools.gnu-tools-for-stm32.9-2020-q2-update.win32_2.0.0.202105311346/tools/bin/../lib/gcc/arm-none-eabi/9.3.1/../../../../arm-none-eabi/lib/thumb/v7e-m+fp/hard\libc_nano.a(lib_a-errno.o)
                0x0000000008003990                __errno
 .text.__libc_init_array
                0x000000000800399c       0x48 d:/program files (x86)/stm32cubeide_1.7.0/stm32cubeide/plugins/com.st.stm32cube.ide.mcu.externaltools.gnu-tools-for-stm32.9-2020-q2-update.win32_2.0.0.202105311346/tools/bin/../lib/gcc/arm-none-eabi/9.3.1/../../../../arm-none-eabi/lib/thumb/v7e-m+fp/hard\libc_nano.a(lib_a-init.o)
                0x000000000800399c                __libc_init_array
 .text.malloc   0x00000000080039e4       0x10 d:/program files (x86)/stm32cubeide_1.7.0/stm32cubeide/plugins/com.st.stm32cube.ide.mcu.externaltools.gnu-tools-for-stm32.9-2020-q2-update.win32_2.0.0.202105311346/tools/bin/../lib/gcc/arm-none-eabi/9.3.1/../../../../arm-none-eabi/lib/thumb/v7e-m+fp/hard\libc_nano.a(lib_a-malloc.o)
                0x00000000080039e4                malloc
 .text.free     0x00000000080039f4       0x10 d:/program files (x86)/stm32cubeide_1.7.0/stm32cubeide/plugins/com.st.stm32cube.ide.mcu.externaltools.gnu-tools-for-stm32.9-2020-q2-update.win32_2.0.0.202105311346/tools/bin/../lib/gcc/arm-none-eabi/9.3.1/../../../../arm-none-eabi/lib/thumb/v7e-m+fp/hard\libc_nano.a(lib_a-malloc.o)
                0x00000000080039f4                free
 .text.memset   0x0000000008003a04       0x10 d:/program files (x86)/stm32cubeide_1.7.0/stm32cubeide/plugins/com.st.stm32cube.ide.mcu.externaltools.gnu-tools-for-stm32.9-2020-q2-update.win32_2.0.0.202105311346/tools/bin/../lib/gcc/arm-none-eabi/9.3.1/../../../../arm-none-eabi/lib/thumb/v7e-m+fp/hard\libc_nano.a(lib_a-memset.o)
                0x0000000008003a04                memset
 .text._free_r  0x0000000008003a14       0xa0 d:/program files (x86)/stm32cubeide_1.7.0/stm32cubeide/plugins/com.st.stm32cube.ide.mcu.externaltools.gnu-tools-for-stm32.9-2020-q2-update.win32_2.0.0.202105311346/tools/bin/../lib/gcc/arm-none-eabi/9.3.1/../../../../arm-none-eabi/lib/thumb/v7e-m+fp/hard\libc_nano.a(lib_a-nano-freer.o)
                0x0000000008003a14                _free_r
 .text._malloc_r
                0x0000000008003ab4       0xb4 d:/program files (x86)/stm32cubeide_1.7.0/stm32cubeide/plugins/com.st.stm32cube.ide.mcu.externaltools.gnu-tools-for-stm32.9-2020-q2-update.win32_2.0.0.202105311346/tools/bin/../lib/gcc/arm-none-eabi/9.3.1/../../../../arm-none-eabi/lib/thumb/v7e-m+fp/hard\libc_nano.a(lib_a-nano-mallocr.o)
                0x0000000008003ab4                _malloc_r
 .text._sbrk_r  0x0000000008003b68       0x20 d:/program files (x86)/stm32cubeide_1.7.0/stm32cubeide/plugins/com.st.stm32cube.ide.mcu.externaltools.gnu-tools-for-stm32.9-2020-q2-update.win32_2.0.0.202105311346/tools/bin/../lib/gcc/arm-none-eabi/9.3.1/../../../../arm-none-eabi/lib/thumb/v7e-m+fp/hard\libc_nano.a(lib_a-sbrkr.o)
                0x0000000008003b68                _sbrk_r
 .text._raise_r
                0x0000000008003b88       0x50 d:/program files (x86)/stm32cubeide_1.7.0/stm32cubeide/plugins/com.st.stm32cube.ide.mcu.externaltools.gnu-tools-for-stm32.9-2020-q2-update.win32_2.0.0.202105311346/tools/bin/../lib/gcc/arm-none-eabi/9.3.1/../../../../arm-none-eabi/lib/thumb/v7e-m+fp/hard\libc_nano.a(lib_a-signal.o)
                0x0000000008003b88                _raise_r
 .text.raise    0x0000000008003bd8       0x10 d:/program files (x86)/stm32cubeide_1.7.0/stm32cubeide/plugins/com.st.stm32cube.ide.mcu.externaltools.gnu-tools-for-stm32.9-2020-q2-update.win32_2.0.0.202105311346/tools/bin/../lib/gcc/arm-none-eabi/9.3.1/../../../../arm-none-eabi/lib/thumb/v7e-m+fp/hard\libc_nano.a(lib_a-signal.o)
                0x0000000008003bd8                raise
 .text._kill_r  0x0000000008003be8       0x24 d:/program files (x86)/stm32cubeide_1.7.0/stm32cubeide/plugins/com.st.stm32cube.ide.mcu.externaltools.gnu-tools-for-stm32.9-2020-q2-update.win32_2.0.0.202105311346/tools/bin/../lib/gcc/arm-none-eabi/9.3.1/../../../../arm-none-eabi/lib/thumb/v7e-m+fp/hard\libc_nano.a(lib_a-signalr.o)
                0x0000000008003be8                _kill_r
 .text._getpid_r
                0x0000000008003c0c        0x4 d:/program files (x86)/stm32cubeide_1.7.0/stm32cubeide/plugins/com.st.stm32cube.ide.mcu.externaltools.gnu-tools-for-stm32.9-2020-q2-update.win32_2.0.0.202105311346/tools/bin/../lib/gcc/arm-none-eabi/9.3.1/../../../../arm-none-eabi/lib/thumb/v7e-m+fp/hard\libc_nano.a(lib_a-signalr.o)
                0x0000000008003c0c                _getpid_r
 .text.__malloc_lock
                0x0000000008003c10        0xc d:/program files (x86)/stm32cubeide_1.7.0/stm32cubeide/plugins/com.st.stm32cube.ide.mcu.externaltools.gnu-tools-for-stm32.9-2020-q2-update.win32_2.0.0.202105311346/tools/bin/../lib/gcc/arm-none-eabi/9.3.1/../../../../arm-none-eabi/lib/thumb/v7e-m+fp/hard\libc_nano.a(lib_a-mlock.o)
                0x0000000008003c10                __malloc_lock
 .text.__malloc_unlock
                0x0000000008003c1c        0xc d:/program files (x86)/stm32cubeide_1.7.0/stm32cubeide/plugins/com.st.stm32cube.ide.mcu.externaltools.gnu-tools-for-stm32.9-2020-q2-update.win32_2.0.0.202105311346/tools/bin/../lib/gcc/arm-none-eabi/9.3.1/../../../../arm-none-eabi/lib/thumb/v7e-m+fp/hard\libc_nano.a(lib_a-mlock.o)
                0x0000000008003c1c                __malloc_unlock
 .text.__retarget_lock_acquire_recursive
                0x0000000008003c28        0x2 d:/program files (x86)/stm32cubeide_1.7.0/stm32cubeide/plugins/com.st.stm32cube.ide.mcu.externaltools.gnu-tools-for-stm32.9-2020-q2-update.win32_2.0.0.202105311346/tools/bin/../lib/gcc/arm-none-eabi/9.3.1/../../../../arm-none-eabi/lib/thumb/v7e-m+fp/hard\libc_nano.a(lib_a-lock.o)
                0x0000000008003c28                __retarget_lock_acquire_recursive
 .text.__retarget_lock_release_recursive
                0x0000000008003c2a        0x2 d:/program files (x86)/stm32cubeide_1.7.0/stm32cubeide/plugins/com.st.stm32cube.ide.mcu.externaltools.gnu-tools-for-stm32.9-2020-q2-update.win32_2.0.0.202105311346/tools/bin/../lib/gcc/arm-none-eabi/9.3.1/../../../../arm-none-eabi/lib/thumb/v7e-m+fp/hard\libc_nano.a(lib_a-lock.o)
                0x0000000008003c2a                __retarget_lock_release_recursive
 *(.glue_7)
 .glue_7        0x0000000008003c2c        0x0 linker stubs
 *(.glue_7t)
 .glue_7t       0x0000000008003c2c        0x0 linker stubs
 *(.eh_frame)
 .eh_frame      0x0000000008003c2c        0x0 d:/program files (x86)/stm32cubeide_1.7.0/stm32cubeide/plugins/com.st.stm32cube.ide.mcu.externaltools.gnu-tools-for-stm32.9-2020-q2-update.win32_2.0.0.202105311346/tools/bin/../lib/gcc/arm-none-eabi/9.3.1/thumb/v7e-m+fp/hard/crtbegin.o
 *(.init)
 .init          0x0000000008003c2c        0x4 d:/program files (x86)/stm32cubeide_1.7.0/stm32cubeide/plugins/com.st.stm32cube.ide.mcu.externaltools.gnu-tools-for-stm32.9-2020-q2-update.win32_2.0.0.202105311346/tools/bin/../lib/gcc/arm-none-eabi/9.3.1/thumb/v7e-m+fp/hard/crti.o
                0x0000000008003c2c                _init
 .init          0x0000000008003c30        0x8 d:/program files (x86)/stm32cubeide_1.7.0/stm32cubeide/plugins/com.st.stm32cube.ide.mcu.externaltools.gnu-tools-for-stm32.9-2020-q2-update.win32_2.0.0.202105311346/tools/bin/../lib/gcc/arm-none-eabi/9.3.1/thumb/v7e-m+fp/hard/crtn.o
 *(.fini)
 .fini          0x0000000008003c38        0x4 d:/program files (x86)/stm32cubeide_1.7.0/stm32cubeide/plugins/com.st.stm32cube.ide.mcu.externaltools.gnu-tools-for-stm32.9-2020-q2-update.win32_2.0.0.202105311346/tools/bin/../lib/gcc/arm-none-eabi/9.3.1/thumb/v7e-m+fp/hard/crti.o
                0x0000000008003c38                _fini
 .fini          0x0000000008003c3c        0x8 d:/program files (x86)/stm32cubeide_1.7.0/stm32cubeide/plugins/com.st.stm32cube.ide.mcu.externaltools.gnu-tools-for-stm32.9-2020-q2-update.win32_2.0.0.202105311346/tools/bin/../lib/gcc/arm-none-eabi/9.3.1/thumb/v7e-m+fp/hard/crtn.o
                0x0000000008003c44                . = ALIGN (0x4)
                0x0000000008003c44                _etext = .

.vfp11_veneer   0x0000000008003c44        0x0
 .vfp11_veneer  0x0000000008003c44        0x0 linker stubs

.v4_bx          0x0000000008003c44        0x0
 .v4_bx         0x0000000008003c44        0x0 linker stubs

.iplt           0x0000000008003c44        0x0
 .iplt          0x0000000008003c44        0x0 d:/program files (x86)/stm32cubeide_1.7.0/stm32cubeide/plugins/com.st.stm32cube.ide.mcu.externaltools.gnu-tools-for-stm32.9-2020-q2-update.win32_2.0.0.202105311346/tools/bin/../lib/gcc/arm-none-eabi/9.3.1/thumb/v7e-m+fp/hard/crtbegin.o

.rodata         0x0000000008003c44       0x70
                0x0000000008003c44                . = ALIGN (0x4)
 *(.rodata)
 *(.rodata*)
 .rodata._ZTV14Task_Scheduler
                0x0000000008003c44       0x20 ./Algorithm/Task_Scheduler/Task_Scheduler.o
                0x0000000008003c44                vtable for Task_Scheduler
 .rodata.AHBPrescTable
                0x0000000008003c64       0x10 ./Core/Src/system_stm32f4xx.o
                0x0000000008003c64                AHBPrescTable
 .rodata._ZTV9Timer_PWM
                0x0000000008003c74       0x20 ./Hardware/TIMER/TIMER.o
                0x0000000008003c74                vtable for Timer_PWM
 .rodata._ZTV5Timer
                0x0000000008003c94       0x20 ./Hardware/TIMER/TIMER.o
                0x0000000008003c94                vtable for Timer
                0x0000000008003cb4                . = ALIGN (0x4)

.ARM.extab      0x0000000008003cb4        0x0
                0x0000000008003cb4                . = ALIGN (0x4)
 *(.ARM.extab* .gnu.linkonce.armextab.*)
                0x0000000008003cb4                . = ALIGN (0x4)

.ARM            0x0000000008003cb4        0x8
                0x0000000008003cb4                . = ALIGN (0x4)
                0x0000000008003cb4                __exidx_start = .
 *(.ARM.exidx*)
 .ARM.exidx     0x0000000008003cb4        0x8 d:/program files (x86)/stm32cubeide_1.7.0/stm32cubeide/plugins/com.st.stm32cube.ide.mcu.externaltools.gnu-tools-for-stm32.9-2020-q2-update.win32_2.0.0.202105311346/tools/bin/../lib/gcc/arm-none-eabi/9.3.1/thumb/v7e-m+fp/hard\libgcc.a(_udivmoddi4.o)
                0x0000000008003cbc                __exidx_end = .
                0x0000000008003cbc                . = ALIGN (0x4)

.rel.dyn        0x0000000008003cbc        0x0
 .rel.iplt      0x0000000008003cbc        0x0 d:/program files (x86)/stm32cubeide_1.7.0/stm32cubeide/plugins/com.st.stm32cube.ide.mcu.externaltools.gnu-tools-for-stm32.9-2020-q2-update.win32_2.0.0.202105311346/tools/bin/../lib/gcc/arm-none-eabi/9.3.1/thumb/v7e-m+fp/hard/crtbegin.o

.preinit_array  0x0000000008003cbc        0x0
                0x0000000008003cbc                . = ALIGN (0x4)
                0x0000000008003cbc                PROVIDE (__preinit_array_start = .)
 *(.preinit_array*)
                0x0000000008003cbc                PROVIDE (__preinit_array_end = .)
                0x0000000008003cbc                . = ALIGN (0x4)

.init_array     0x0000000008003cbc        0x4
                0x0000000008003cbc                . = ALIGN (0x4)
                0x0000000008003cbc                PROVIDE (__init_array_start = .)
 *(SORT_BY_NAME(.init_array.*))
 *(.init_array*)
 .init_array    0x0000000008003cbc        0x4 d:/program files (x86)/stm32cubeide_1.7.0/stm32cubeide/plugins/com.st.stm32cube.ide.mcu.externaltools.gnu-tools-for-stm32.9-2020-q2-update.win32_2.0.0.202105311346/tools/bin/../lib/gcc/arm-none-eabi/9.3.1/thumb/v7e-m+fp/hard/crtbegin.o
                0x0000000008003cc0                PROVIDE (__init_array_end = .)
                0x0000000008003cc0                . = ALIGN (0x4)

.fini_array     0x0000000008003cc0        0x4
                0x0000000008003cc0                . = ALIGN (0x4)
                [!provide]                        PROVIDE (__fini_array_start = .)
 *(SORT_BY_NAME(.fini_array.*))
 *(.fini_array*)
 .fini_array    0x0000000008003cc0        0x4 d:/program files (x86)/stm32cubeide_1.7.0/stm32cubeide/plugins/com.st.stm32cube.ide.mcu.externaltools.gnu-tools-for-stm32.9-2020-q2-update.win32_2.0.0.202105311346/tools/bin/../lib/gcc/arm-none-eabi/9.3.1/thumb/v7e-m+fp/hard/crtbegin.o
                [!provide]                        PROVIDE (__fini_array_end = .)
                0x0000000008003cc4                . = ALIGN (0x4)
                0x0000000008003cc4                _sidata = LOADADDR (.data)

.data           0x0000000020000000       0x70 load address 0x0000000008003cc4
                0x0000000020000000                . = ALIGN (0x4)
                0x0000000020000000                _sdata = .
 *(.data)
 *(.data*)
 .data.SystemCoreClock
                0x0000000020000000        0x4 ./Core/Src/system_stm32f4xx.o
                0x0000000020000000                SystemCoreClock
 .data.uwTickPrio
                0x0000000020000004        0x4 ./Drivers/STM32F4xx_HAL_Driver/Src/stm32f4xx_hal.o
                0x0000000020000004                uwTickPrio
 .data.uwTickFreq
                0x0000000020000008        0x1 ./Drivers/STM32F4xx_HAL_Driver/Src/stm32f4xx_hal.o
                0x0000000020000008                uwTickFreq
 *fill*         0x0000000020000009        0x3 
 .data._impure_ptr
                0x000000002000000c        0x4 d:/program files (x86)/stm32cubeide_1.7.0/stm32cubeide/plugins/com.st.stm32cube.ide.mcu.externaltools.gnu-tools-for-stm32.9-2020-q2-update.win32_2.0.0.202105311346/tools/bin/../lib/gcc/arm-none-eabi/9.3.1/../../../../arm-none-eabi/lib/thumb/v7e-m+fp/hard\libc_nano.a(lib_a-impure.o)
                0x000000002000000c                _impure_ptr
 .data.impure_data
                0x0000000020000010       0x60 d:/program files (x86)/stm32cubeide_1.7.0/stm32cubeide/plugins/com.st.stm32cube.ide.mcu.externaltools.gnu-tools-for-stm32.9-2020-q2-update.win32_2.0.0.202105311346/tools/bin/../lib/gcc/arm-none-eabi/9.3.1/../../../../arm-none-eabi/lib/thumb/v7e-m+fp/hard\libc_nano.a(lib_a-impure.o)
 *(.RamFunc)
 *(.RamFunc*)
                0x0000000020000070                . = ALIGN (0x4)
                0x0000000020000070                _edata = .
                0x0000000008003d34                _siccmram = LOADADDR (.ccmram)

.igot.plt       0x0000000020000070        0x0 load address 0x0000000008003d34
 .igot.plt      0x0000000020000070        0x0 d:/program files (x86)/stm32cubeide_1.7.0/stm32cubeide/plugins/com.st.stm32cube.ide.mcu.externaltools.gnu-tools-for-stm32.9-2020-q2-update.win32_2.0.0.202105311346/tools/bin/../lib/gcc/arm-none-eabi/9.3.1/thumb/v7e-m+fp/hard/crtbegin.o

.ccmram         0x0000000010000000        0x0 load address 0x0000000008003d34
                0x0000000010000000                . = ALIGN (0x4)
                0x0000000010000000                _sccmram = .
 *(.ccmram)
 *(.ccmram*)
                0x0000000010000000                . = ALIGN (0x4)
                0x0000000010000000                _eccmram = .
                0x0000000010000000                . = ALIGN (0x4)

.bss            0x0000000020000070      0x1fc
                0x0000000020000070                _sbss = .
                0x0000000020000070                __bss_start__ = _sbss
 *(.bss)
 .bss           0x0000000020000070       0x1c d:/program files (x86)/stm32cubeide_1.7.0/stm32cubeide/plugins/com.st.stm32cube.ide.mcu.externaltools.gnu-tools-for-stm32.9-2020-q2-update.win32_2.0.0.202105311346/tools/bin/../lib/gcc/arm-none-eabi/9.3.1/thumb/v7e-m+fp/hard/crtbegin.o
 *(.bss*)
 .bss.Timer1    0x000000002000008c        0x4 ./Core/Src/main.o
                0x000000002000008c                Timer1
 .bss.Timer8    0x0000000020000090        0x4 ./Core/Src/main.o
                0x0000000020000090                Timer8
 .bss.Timer6    0x0000000020000094        0x4 ./Core/Src/main.o
                0x0000000020000094                Timer6
 .bss.__sbrk_heap_end
                0x0000000020000098        0x4 ./Core/Src/sysmem.o
 .bss._ZN12_GLOBAL__N_113__new_handlerE
                0x000000002000009c        0x4 d:/program files (x86)/stm32cubeide_1.7.0/stm32cubeide/plugins/com.st.stm32cube.ide.mcu.externaltools.gnu-tools-for-stm32.9-2020-q2-update.win32_2.0.0.202105311346/tools/bin/../lib/gcc/arm-none-eabi/9.3.1/../../../../arm-none-eabi/lib/thumb/v7e-m+fp/hard\libstdc++_nano.a(new_handler.o)
 .bss.__malloc_free_list
                0x00000000200000a0        0x4 d:/program files (x86)/stm32cubeide_1.7.0/stm32cubeide/plugins/com.st.stm32cube.ide.mcu.externaltools.gnu-tools-for-stm32.9-2020-q2-update.win32_2.0.0.202105311346/tools/bin/../lib/gcc/arm-none-eabi/9.3.1/../../../../arm-none-eabi/lib/thumb/v7e-m+fp/hard\libc_nano.a(lib_a-nano-mallocr.o)
                0x00000000200000a0                __malloc_free_list
 .bss.__malloc_sbrk_start
                0x00000000200000a4        0x4 d:/program files (x86)/stm32cubeide_1.7.0/stm32cubeide/plugins/com.st.stm32cube.ide.mcu.externaltools.gnu-tools-for-stm32.9-2020-q2-update.win32_2.0.0.202105311346/tools/bin/../lib/gcc/arm-none-eabi/9.3.1/../../../../arm-none-eabi/lib/thumb/v7e-m+fp/hard\libc_nano.a(lib_a-nano-mallocr.o)
                0x00000000200000a4                __malloc_sbrk_start
 *(COMMON)
 COMMON         0x00000000200000a8      0x1b0 ./Core/Src/tim.o
                0x00000000200000a8                htim8
                0x00000000200000f0                htim4
                0x0000000020000138                htim3
                0x0000000020000180                htim6
                0x00000000200001c8                htim1
                0x0000000020000210                htim2
 COMMON         0x0000000020000258        0x4 ./Drivers/STM32F4xx_HAL_Driver/Src/stm32f4xx_hal.o
                0x0000000020000258                uwTick
 COMMON         0x000000002000025c        0x4 d:/program files (x86)/stm32cubeide_1.7.0/stm32cubeide/plugins/com.st.stm32cube.ide.mcu.externaltools.gnu-tools-for-stm32.9-2020-q2-update.win32_2.0.0.202105311346/tools/bin/../lib/gcc/arm-none-eabi/9.3.1/../../../../arm-none-eabi/lib/thumb/v7e-m+fp/hard\libc_nano.a(lib_a-reent.o)
                0x000000002000025c                errno
 COMMON         0x0000000020000260        0x9 d:/program files (x86)/stm32cubeide_1.7.0/stm32cubeide/plugins/com.st.stm32cube.ide.mcu.externaltools.gnu-tools-for-stm32.9-2020-q2-update.win32_2.0.0.202105311346/tools/bin/../lib/gcc/arm-none-eabi/9.3.1/../../../../arm-none-eabi/lib/thumb/v7e-m+fp/hard\libc_nano.a(lib_a-lock.o)
                0x0000000020000260                __lock___atexit_recursive_mutex
                0x0000000020000261                __lock___arc4random_mutex
                0x0000000020000262                __lock___env_recursive_mutex
                0x0000000020000263                __lock___sinit_recursive_mutex
                0x0000000020000264                __lock___malloc_recursive_mutex
                0x0000000020000265                __lock___at_quick_exit_mutex
                0x0000000020000266                __lock___dd_hash_mutex
                0x0000000020000267                __lock___tz_mutex
                0x0000000020000268                __lock___sfp_recursive_mutex
                0x000000002000026c                . = ALIGN (0x4)
 *fill*         0x0000000020000269        0x3 
                0x000000002000026c                _ebss = .
                0x000000002000026c                __bss_end__ = _ebss

._user_heap_stack
                0x000000002000026c      0x604
                0x0000000020000270                . = ALIGN (0x8)
 *fill*         0x000000002000026c        0x4 
                [!provide]                        PROVIDE (end = .)
                0x0000000020000270                PROVIDE (_end = .)
                0x0000000020000470                . = (. + _Min_Heap_Size)
 *fill*         0x0000000020000270      0x200 
                0x0000000020000870                . = (. + _Min_Stack_Size)
 *fill*         0x0000000020000470      0x400 
                0x0000000020000870                . = ALIGN (0x8)

/DISCARD/
 libc.a(*)
 libm.a(*)
 libgcc.a(*)

.ARM.attributes
                0x0000000000000000       0x30
 *(.ARM.attributes)
 .ARM.attributes
                0x0000000000000000       0x1e d:/program files (x86)/stm32cubeide_1.7.0/stm32cubeide/plugins/com.st.stm32cube.ide.mcu.externaltools.gnu-tools-for-stm32.9-2020-q2-update.win32_2.0.0.202105311346/tools/bin/../lib/gcc/arm-none-eabi/9.3.1/thumb/v7e-m+fp/hard/crti.o
 .ARM.attributes
                0x000000000000001e       0x34 d:/program files (x86)/stm32cubeide_1.7.0/stm32cubeide/plugins/com.st.stm32cube.ide.mcu.externaltools.gnu-tools-for-stm32.9-2020-q2-update.win32_2.0.0.202105311346/tools/bin/../lib/gcc/arm-none-eabi/9.3.1/thumb/v7e-m+fp/hard/crtbegin.o
 .ARM.attributes
                0x0000000000000052       0x34 ./Algorithm/Task_Scheduler/Task_Scheduler.o
 .ARM.attributes
                0x0000000000000086       0x34 ./Core/Src/gpio.o
 .ARM.attributes
                0x00000000000000ba       0x34 ./Core/Src/main.o
 .ARM.attributes
                0x00000000000000ee       0x34 ./Core/Src/stm32f4xx_hal_msp.o
 .ARM.attributes
                0x0000000000000122       0x34 ./Core/Src/stm32f4xx_it.o
 .ARM.attributes
                0x0000000000000156       0x34 ./Core/Src/syscalls.o
 .ARM.attributes
                0x000000000000018a       0x34 ./Core/Src/sysmem.o
 .ARM.attributes
                0x00000000000001be       0x34 ./Core/Src/system_stm32f4xx.o
 .ARM.attributes
                0x00000000000001f2       0x34 ./Core/Src/tim.o
 .ARM.attributes
                0x0000000000000226       0x21 ./Core/Startup/startup_stm32f407zgtx.o
 .ARM.attributes
                0x0000000000000247       0x34 ./Drivers/STM32F4xx_HAL_Driver/Src/stm32f4xx_hal.o
 .ARM.attributes
                0x000000000000027b       0x34 ./Drivers/STM32F4xx_HAL_Driver/Src/stm32f4xx_hal_cortex.o
 .ARM.attributes
                0x00000000000002af       0x34 ./Drivers/STM32F4xx_HAL_Driver/Src/stm32f4xx_hal_gpio.o
 .ARM.attributes
                0x00000000000002e3       0x34 ./Drivers/STM32F4xx_HAL_Driver/Src/stm32f4xx_hal_rcc.o
 .ARM.attributes
                0x0000000000000317       0x34 ./Drivers/STM32F4xx_HAL_Driver/Src/stm32f4xx_hal_tim.o
 .ARM.attributes
                0x000000000000034b       0x34 ./Drivers/STM32F4xx_HAL_Driver/Src/stm32f4xx_hal_tim_ex.o
 .ARM.attributes
                0x000000000000037f       0x34 ./Hardware/TIMER/TIMER.o
 .ARM.attributes
                0x00000000000003b3       0x34 d:/program files (x86)/stm32cubeide_1.7.0/stm32cubeide/plugins/com.st.stm32cube.ide.mcu.externaltools.gnu-tools-for-stm32.9-2020-q2-update.win32_2.0.0.202105311346/tools/bin/../lib/gcc/arm-none-eabi/9.3.1/../../../../arm-none-eabi/lib/thumb/v7e-m+fp/hard\libstdc++_nano.a(del_ops.o)
 .ARM.attributes
                0x00000000000003e7       0x34 d:/program files (x86)/stm32cubeide_1.7.0/stm32cubeide/plugins/com.st.stm32cube.ide.mcu.externaltools.gnu-tools-for-stm32.9-2020-q2-update.win32_2.0.0.202105311346/tools/bin/../lib/gcc/arm-none-eabi/9.3.1/../../../../arm-none-eabi/lib/thumb/v7e-m+fp/hard\libstdc++_nano.a(new_op.o)
 .ARM.attributes
                0x000000000000041b       0x34 d:/program files (x86)/stm32cubeide_1.7.0/stm32cubeide/plugins/com.st.stm32cube.ide.mcu.externaltools.gnu-tools-for-stm32.9-2020-q2-update.win32_2.0.0.202105311346/tools/bin/../lib/gcc/arm-none-eabi/9.3.1/../../../../arm-none-eabi/lib/thumb/v7e-m+fp/hard\libstdc++_nano.a(del_op.o)
 .ARM.attributes
                0x000000000000044f       0x34 d:/program files (x86)/stm32cubeide_1.7.0/stm32cubeide/plugins/com.st.stm32cube.ide.mcu.externaltools.gnu-tools-for-stm32.9-2020-q2-update.win32_2.0.0.202105311346/tools/bin/../lib/gcc/arm-none-eabi/9.3.1/../../../../arm-none-eabi/lib/thumb/v7e-m+fp/hard\libstdc++_nano.a(new_handler.o)
 .ARM.attributes
                0x0000000000000483       0x34 d:/program files (x86)/stm32cubeide_1.7.0/stm32cubeide/plugins/com.st.stm32cube.ide.mcu.externaltools.gnu-tools-for-stm32.9-2020-q2-update.win32_2.0.0.202105311346/tools/bin/../lib/gcc/arm-none-eabi/9.3.1/../../../../arm-none-eabi/lib/thumb/v7e-m+fp/hard\libc_nano.a(lib_a-abort.o)
 .ARM.attributes
                0x00000000000004b7       0x34 d:/program files (x86)/stm32cubeide_1.7.0/stm32cubeide/plugins/com.st.stm32cube.ide.mcu.externaltools.gnu-tools-for-stm32.9-2020-q2-update.win32_2.0.0.202105311346/tools/bin/../lib/gcc/arm-none-eabi/9.3.1/../../../../arm-none-eabi/lib/thumb/v7e-m+fp/hard\libc_nano.a(lib_a-errno.o)
 .ARM.attributes
                0x00000000000004eb       0x32 d:/program files (x86)/stm32cubeide_1.7.0/stm32cubeide/plugins/com.st.stm32cube.ide.mcu.externaltools.gnu-tools-for-stm32.9-2020-q2-update.win32_2.0.0.202105311346/tools/bin/../lib/gcc/arm-none-eabi/9.3.1/../../../../arm-none-eabi/lib/thumb/v7e-m+fp/hard\libc_nano.a(lib_a-impure.o)
 .ARM.attributes
                0x000000000000051d       0x34 d:/program files (x86)/stm32cubeide_1.7.0/stm32cubeide/plugins/com.st.stm32cube.ide.mcu.externaltools.gnu-tools-for-stm32.9-2020-q2-update.win32_2.0.0.202105311346/tools/bin/../lib/gcc/arm-none-eabi/9.3.1/../../../../arm-none-eabi/lib/thumb/v7e-m+fp/hard\libc_nano.a(lib_a-init.o)
 .ARM.attributes
                0x0000000000000551       0x34 d:/program files (x86)/stm32cubeide_1.7.0/stm32cubeide/plugins/com.st.stm32cube.ide.mcu.externaltools.gnu-tools-for-stm32.9-2020-q2-update.win32_2.0.0.202105311346/tools/bin/../lib/gcc/arm-none-eabi/9.3.1/../../../../arm-none-eabi/lib/thumb/v7e-m+fp/hard\libc_nano.a(lib_a-malloc.o)
 .ARM.attributes
                0x0000000000000585       0x34 d:/program files (x86)/stm32cubeide_1.7.0/stm32cubeide/plugins/com.st.stm32cube.ide.mcu.externaltools.gnu-tools-for-stm32.9-2020-q2-update.win32_2.0.0.202105311346/tools/bin/../lib/gcc/arm-none-eabi/9.3.1/../../../../arm-none-eabi/lib/thumb/v7e-m+fp/hard\libc_nano.a(lib_a-memset.o)
 .ARM.attributes
                0x00000000000005b9       0x34 d:/program files (x86)/stm32cubeide_1.7.0/stm32cubeide/plugins/com.st.stm32cube.ide.mcu.externaltools.gnu-tools-for-stm32.9-2020-q2-update.win32_2.0.0.202105311346/tools/bin/../lib/gcc/arm-none-eabi/9.3.1/../../../../arm-none-eabi/lib/thumb/v7e-m+fp/hard\libc_nano.a(lib_a-nano-freer.o)
 .ARM.attributes
                0x00000000000005ed       0x34 d:/program files (x86)/stm32cubeide_1.7.0/stm32cubeide/plugins/com.st.stm32cube.ide.mcu.externaltools.gnu-tools-for-stm32.9-2020-q2-update.win32_2.0.0.202105311346/tools/bin/../lib/gcc/arm-none-eabi/9.3.1/../../../../arm-none-eabi/lib/thumb/v7e-m+fp/hard\libc_nano.a(lib_a-nano-mallocr.o)
 .ARM.attributes
                0x0000000000000621       0x34 d:/program files (x86)/stm32cubeide_1.7.0/stm32cubeide/plugins/com.st.stm32cube.ide.mcu.externaltools.gnu-tools-for-stm32.9-2020-q2-update.win32_2.0.0.202105311346/tools/bin/../lib/gcc/arm-none-eabi/9.3.1/../../../../arm-none-eabi/lib/thumb/v7e-m+fp/hard\libc_nano.a(lib_a-sbrkr.o)
 .ARM.attributes
                0x0000000000000655       0x34 d:/program files (x86)/stm32cubeide_1.7.0/stm32cubeide/plugins/com.st.stm32cube.ide.mcu.externaltools.gnu-tools-for-stm32.9-2020-q2-update.win32_2.0.0.202105311346/tools/bin/../lib/gcc/arm-none-eabi/9.3.1/../../../../arm-none-eabi/lib/thumb/v7e-m+fp/hard\libc_nano.a(lib_a-signal.o)
 .ARM.attributes
                0x0000000000000689       0x34 d:/program files (x86)/stm32cubeide_1.7.0/stm32cubeide/plugins/com.st.stm32cube.ide.mcu.externaltools.gnu-tools-for-stm32.9-2020-q2-update.win32_2.0.0.202105311346/tools/bin/../lib/gcc/arm-none-eabi/9.3.1/../../../../arm-none-eabi/lib/thumb/v7e-m+fp/hard\libc_nano.a(lib_a-signalr.o)
 .ARM.attributes
                0x00000000000006bd       0x34 d:/program files (x86)/stm32cubeide_1.7.0/stm32cubeide/plugins/com.st.stm32cube.ide.mcu.externaltools.gnu-tools-for-stm32.9-2020-q2-update.win32_2.0.0.202105311346/tools/bin/../lib/gcc/arm-none-eabi/9.3.1/../../../../arm-none-eabi/lib/thumb/v7e-m+fp/hard\libc_nano.a(lib_a-mlock.o)
 .ARM.attributes
                0x00000000000006f1       0x34 d:/program files (x86)/stm32cubeide_1.7.0/stm32cubeide/plugins/com.st.stm32cube.ide.mcu.externaltools.gnu-tools-for-stm32.9-2020-q2-update.win32_2.0.0.202105311346/tools/bin/../lib/gcc/arm-none-eabi/9.3.1/../../../../arm-none-eabi/lib/thumb/v7e-m+fp/hard\libc_nano.a(lib_a-reent.o)
 .ARM.attributes
                0x0000000000000725       0x34 d:/program files (x86)/stm32cubeide_1.7.0/stm32cubeide/plugins/com.st.stm32cube.ide.mcu.externaltools.gnu-tools-for-stm32.9-2020-q2-update.win32_2.0.0.202105311346/tools/bin/../lib/gcc/arm-none-eabi/9.3.1/../../../../arm-none-eabi/lib/thumb/v7e-m+fp/hard\libc_nano.a(lib_a-lock.o)
 .ARM.attributes
                0x0000000000000759       0x1e d:/program files (x86)/stm32cubeide_1.7.0/stm32cubeide/plugins/com.st.stm32cube.ide.mcu.externaltools.gnu-tools-for-stm32.9-2020-q2-update.win32_2.0.0.202105311346/tools/bin/../lib/gcc/arm-none-eabi/9.3.1/thumb/v7e-m+fp/hard\libgcc.a(_aeabi_uldivmod.o)
 .ARM.attributes
                0x0000000000000777       0x34 d:/program files (x86)/stm32cubeide_1.7.0/stm32cubeide/plugins/com.st.stm32cube.ide.mcu.externaltools.gnu-tools-for-stm32.9-2020-q2-update.win32_2.0.0.202105311346/tools/bin/../lib/gcc/arm-none-eabi/9.3.1/thumb/v7e-m+fp/hard\libgcc.a(_udivmoddi4.o)
 .ARM.attributes
                0x00000000000007ab       0x1e d:/program files (x86)/stm32cubeide_1.7.0/stm32cubeide/plugins/com.st.stm32cube.ide.mcu.externaltools.gnu-tools-for-stm32.9-2020-q2-update.win32_2.0.0.202105311346/tools/bin/../lib/gcc/arm-none-eabi/9.3.1/thumb/v7e-m+fp/hard\libgcc.a(_dvmd_tls.o)
 .ARM.attributes
                0x00000000000007c9       0x1e d:/program files (x86)/stm32cubeide_1.7.0/stm32cubeide/plugins/com.st.stm32cube.ide.mcu.externaltools.gnu-tools-for-stm32.9-2020-q2-update.win32_2.0.0.202105311346/tools/bin/../lib/gcc/arm-none-eabi/9.3.1/thumb/v7e-m+fp/hard/crtn.o
OUTPUT(STM32 Using CPP.elf elf32-littlearm)
LOAD linker stubs
LOAD d:/program files (x86)/stm32cubeide_1.7.0/stm32cubeide/plugins/com.st.stm32cube.ide.mcu.externaltools.gnu-tools-for-stm32.9-2020-q2-update.win32_2.0.0.202105311346/tools/bin/../lib/gcc/arm-none-eabi/9.3.1/../../../../arm-none-eabi/lib/thumb/v7e-m+fp/hard\libc.a
LOAD d:/program files (x86)/stm32cubeide_1.7.0/stm32cubeide/plugins/com.st.stm32cube.ide.mcu.externaltools.gnu-tools-for-stm32.9-2020-q2-update.win32_2.0.0.202105311346/tools/bin/../lib/gcc/arm-none-eabi/9.3.1/../../../../arm-none-eabi/lib/thumb/v7e-m+fp/hard\libm.a
LOAD d:/program files (x86)/stm32cubeide_1.7.0/stm32cubeide/plugins/com.st.stm32cube.ide.mcu.externaltools.gnu-tools-for-stm32.9-2020-q2-update.win32_2.0.0.202105311346/tools/bin/../lib/gcc/arm-none-eabi/9.3.1/thumb/v7e-m+fp/hard\libgcc.a

.debug_info     0x0000000000000000     0xe587
 .debug_info    0x0000000000000000      0xcca ./Algorithm/Task_Scheduler/Task_Scheduler.o
 .debug_info    0x0000000000000cca      0x54c ./Core/Src/gpio.o
 .debug_info    0x0000000000001216      0xce4 ./Core/Src/main.o
 .debug_info    0x0000000000001efa      0x5b9 ./Core/Src/stm32f4xx_hal_msp.o
 .debug_info    0x00000000000024b3      0x813 ./Core/Src/stm32f4xx_it.o
 .debug_info    0x0000000000002cc6      0xfa8 ./Core/Src/syscalls.o
 .debug_info    0x0000000000003c6e      0xa25 ./Core/Src/sysmem.o
 .debug_info    0x0000000000004693      0x5a4 ./Core/Src/system_stm32f4xx.o
 .debug_info    0x0000000000004c37     0x1269 ./Core/Src/tim.o
 .debug_info    0x0000000000005ea0       0x22 ./Core/Startup/startup_stm32f407zgtx.o
 .debug_info    0x0000000000005ec2      0x9b2 ./Drivers/STM32F4xx_HAL_Driver/Src/stm32f4xx_hal.o
 .debug_info    0x0000000000006874      0xed7 ./Drivers/STM32F4xx_HAL_Driver/Src/stm32f4xx_hal_cortex.o
 .debug_info    0x000000000000774b      0x83e ./Drivers/STM32F4xx_HAL_Driver/Src/stm32f4xx_hal_gpio.o
 .debug_info    0x0000000000007f89      0x996 ./Drivers/STM32F4xx_HAL_Driver/Src/stm32f4xx_hal_rcc.o
 .debug_info    0x000000000000891f     0x2c22 ./Drivers/STM32F4xx_HAL_Driver/Src/stm32f4xx_hal_tim.o
 .debug_info    0x000000000000b541     0x15a2 ./Drivers/STM32F4xx_HAL_Driver/Src/stm32f4xx_hal_tim_ex.o
 .debug_info    0x000000000000cae3     0x1aa4 ./Hardware/TIMER/TIMER.o

.debug_abbrev   0x0000000000000000     0x2364
 .debug_abbrev  0x0000000000000000      0x2e8 ./Algorithm/Task_Scheduler/Task_Scheduler.o
 .debug_abbrev  0x00000000000002e8      0x14e ./Core/Src/gpio.o
 .debug_abbrev  0x0000000000000436      0x245 ./Core/Src/main.o
 .debug_abbrev  0x000000000000067b      0x126 ./Core/Src/stm32f4xx_hal_msp.o
 .debug_abbrev  0x00000000000007a1      0x176 ./Core/Src/stm32f4xx_it.o
 .debug_abbrev  0x0000000000000917      0x286 ./Core/Src/syscalls.o
 .debug_abbrev  0x0000000000000b9d      0x1bf ./Core/Src/sysmem.o
 .debug_abbrev  0x0000000000000d5c      0x145 ./Core/Src/system_stm32f4xx.o
 .debug_abbrev  0x0000000000000ea1      0x204 ./Core/Src/tim.o
 .debug_abbrev  0x00000000000010a5       0x12 ./Core/Startup/startup_stm32f407zgtx.o
 .debug_abbrev  0x00000000000010b7      0x1ed ./Drivers/STM32F4xx_HAL_Driver/Src/stm32f4xx_hal.o
 .debug_abbrev  0x00000000000012a4      0x33c ./Drivers/STM32F4xx_HAL_Driver/Src/stm32f4xx_hal_cortex.o
 .debug_abbrev  0x00000000000015e0      0x1f1 ./Drivers/STM32F4xx_HAL_Driver/Src/stm32f4xx_hal_gpio.o
 .debug_abbrev  0x00000000000017d1      0x275 ./Drivers/STM32F4xx_HAL_Driver/Src/stm32f4xx_hal_rcc.o
 .debug_abbrev  0x0000000000001a46      0x25e ./Drivers/STM32F4xx_HAL_Driver/Src/stm32f4xx_hal_tim.o
 .debug_abbrev  0x0000000000001ca4      0x266 ./Drivers/STM32F4xx_HAL_Driver/Src/stm32f4xx_hal_tim_ex.o
 .debug_abbrev  0x0000000000001f0a      0x45a ./Hardware/TIMER/TIMER.o

.debug_aranges  0x0000000000000000      0xb90
 .debug_aranges
                0x0000000000000000       0x70 ./Algorithm/Task_Scheduler/Task_Scheduler.o
 .debug_aranges
                0x0000000000000070       0x20 ./Core/Src/gpio.o
 .debug_aranges
                0x0000000000000090       0x38 ./Core/Src/main.o
 .debug_aranges
                0x00000000000000c8       0x20 ./Core/Src/stm32f4xx_hal_msp.o
 .debug_aranges
                0x00000000000000e8       0x70 ./Core/Src/stm32f4xx_it.o
 .debug_aranges
                0x0000000000000158       0xa8 ./Core/Src/syscalls.o
 .debug_aranges
                0x0000000000000200       0x20 ./Core/Src/sysmem.o
 .debug_aranges
                0x0000000000000220       0x28 ./Core/Src/system_stm32f4xx.o
 .debug_aranges
                0x0000000000000248       0x60 ./Core/Src/tim.o
 .debug_aranges
                0x00000000000002a8       0x28 ./Core/Startup/startup_stm32f407zgtx.o
 .debug_aranges
                0x00000000000002d0       0xf0 ./Drivers/STM32F4xx_HAL_Driver/Src/stm32f4xx_hal.o
 .debug_aranges
                0x00000000000003c0      0x118 ./Drivers/STM32F4xx_HAL_Driver/Src/stm32f4xx_hal_cortex.o
 .debug_aranges
                0x00000000000004d8       0x58 ./Drivers/STM32F4xx_HAL_Driver/Src/stm32f4xx_hal_gpio.o
 .debug_aranges
                0x0000000000000530       0x88 ./Drivers/STM32F4xx_HAL_Driver/Src/stm32f4xx_hal_rcc.o
 .debug_aranges
                0x00000000000005b8      0x3d0 ./Drivers/STM32F4xx_HAL_Driver/Src/stm32f4xx_hal_tim.o
 .debug_aranges
                0x0000000000000988      0x168 ./Drivers/STM32F4xx_HAL_Driver/Src/stm32f4xx_hal_tim_ex.o
 .debug_aranges
                0x0000000000000af0       0xa0 ./Hardware/TIMER/TIMER.o

.debug_ranges   0x0000000000000000      0xa88
 .debug_ranges  0x0000000000000000       0x60 ./Algorithm/Task_Scheduler/Task_Scheduler.o
 .debug_ranges  0x0000000000000060       0x10 ./Core/Src/gpio.o
 .debug_ranges  0x0000000000000070       0x28 ./Core/Src/main.o
 .debug_ranges  0x0000000000000098       0x10 ./Core/Src/stm32f4xx_hal_msp.o
 .debug_ranges  0x00000000000000a8       0x60 ./Core/Src/stm32f4xx_it.o
 .debug_ranges  0x0000000000000108       0x98 ./Core/Src/syscalls.o
 .debug_ranges  0x00000000000001a0       0x10 ./Core/Src/sysmem.o
 .debug_ranges  0x00000000000001b0       0x18 ./Core/Src/system_stm32f4xx.o
 .debug_ranges  0x00000000000001c8       0x50 ./Core/Src/tim.o
 .debug_ranges  0x0000000000000218       0x20 ./Core/Startup/startup_stm32f407zgtx.o
 .debug_ranges  0x0000000000000238       0xe0 ./Drivers/STM32F4xx_HAL_Driver/Src/stm32f4xx_hal.o
 .debug_ranges  0x0000000000000318      0x108 ./Drivers/STM32F4xx_HAL_Driver/Src/stm32f4xx_hal_cortex.o
 .debug_ranges  0x0000000000000420       0x48 ./Drivers/STM32F4xx_HAL_Driver/Src/stm32f4xx_hal_gpio.o
 .debug_ranges  0x0000000000000468       0x78 ./Drivers/STM32F4xx_HAL_Driver/Src/stm32f4xx_hal_rcc.o
 .debug_ranges  0x00000000000004e0      0x3c0 ./Drivers/STM32F4xx_HAL_Driver/Src/stm32f4xx_hal_tim.o
 .debug_ranges  0x00000000000008a0      0x158 ./Drivers/STM32F4xx_HAL_Driver/Src/stm32f4xx_hal_tim_ex.o
 .debug_ranges  0x00000000000009f8       0x90 ./Hardware/TIMER/TIMER.o

.debug_macro    0x0000000000000000    0x23a35
 .debug_macro   0x0000000000000000      0x200 ./Algorithm/Task_Scheduler/Task_Scheduler.o
 .debug_macro   0x0000000000000200      0xb80 ./Algorithm/Task_Scheduler/Task_Scheduler.o
 .debug_macro   0x0000000000000d80      0x29b ./Algorithm/Task_Scheduler/Task_Scheduler.o
 .debug_macro   0x000000000000101b       0x2e ./Algorithm/Task_Scheduler/Task_Scheduler.o
 .debug_macro   0x0000000000001049       0x2f ./Algorithm/Task_Scheduler/Task_Scheduler.o
 .debug_macro   0x0000000000001078       0x1c ./Algorithm/Task_Scheduler/Task_Scheduler.o
 .debug_macro   0x0000000000001094       0x22 ./Algorithm/Task_Scheduler/Task_Scheduler.o
 .debug_macro   0x00000000000010b6       0x8e ./Algorithm/Task_Scheduler/Task_Scheduler.o
 .debug_macro   0x0000000000001144       0x51 ./Algorithm/Task_Scheduler/Task_Scheduler.o
 .debug_macro   0x0000000000001195      0x103 ./Algorithm/Task_Scheduler/Task_Scheduler.o
 .debug_macro   0x0000000000001298       0x6a ./Algorithm/Task_Scheduler/Task_Scheduler.o
 .debug_macro   0x0000000000001302      0x1df ./Algorithm/Task_Scheduler/Task_Scheduler.o
 .debug_macro   0x00000000000014e1       0x1c ./Algorithm/Task_Scheduler/Task_Scheduler.o
 .debug_macro   0x00000000000014fd       0x22 ./Algorithm/Task_Scheduler/Task_Scheduler.o
 .debug_macro   0x000000000000151f       0xdf ./Algorithm/Task_Scheduler/Task_Scheduler.o
 .debug_macro   0x00000000000015fe     0x102d ./Algorithm/Task_Scheduler/Task_Scheduler.o
 .debug_macro   0x000000000000262b      0x11f ./Algorithm/Task_Scheduler/Task_Scheduler.o
 .debug_macro   0x000000000000274a    0x15e58 ./Algorithm/Task_Scheduler/Task_Scheduler.o
 .debug_macro   0x00000000000185a2       0x6d ./Algorithm/Task_Scheduler/Task_Scheduler.o
 .debug_macro   0x000000000001860f     0x3666 ./Algorithm/Task_Scheduler/Task_Scheduler.o
 .debug_macro   0x000000000001bc75      0x17b ./Algorithm/Task_Scheduler/Task_Scheduler.o
 .debug_macro   0x000000000001bdf0       0x5c ./Algorithm/Task_Scheduler/Task_Scheduler.o
 .debug_macro   0x000000000001be4c      0x96b ./Algorithm/Task_Scheduler/Task_Scheduler.o
 .debug_macro   0x000000000001c7b7      0x9fe ./Algorithm/Task_Scheduler/Task_Scheduler.o
 .debug_macro   0x000000000001d1b5      0x116 ./Algorithm/Task_Scheduler/Task_Scheduler.o
 .debug_macro   0x000000000001d2cb      0x13e ./Algorithm/Task_Scheduler/Task_Scheduler.o
 .debug_macro   0x000000000001d409       0xa5 ./Algorithm/Task_Scheduler/Task_Scheduler.o
 .debug_macro   0x000000000001d4ae      0x174 ./Algorithm/Task_Scheduler/Task_Scheduler.o
 .debug_macro   0x000000000001d622      0x287 ./Algorithm/Task_Scheduler/Task_Scheduler.o
 .debug_macro   0x000000000001d8a9       0x5f ./Algorithm/Task_Scheduler/Task_Scheduler.o
 .debug_macro   0x000000000001d908      0x236 ./Algorithm/Task_Scheduler/Task_Scheduler.o
 .debug_macro   0x000000000001db3e      0x12c ./Algorithm/Task_Scheduler/Task_Scheduler.o
 .debug_macro   0x000000000001dc6a      0x21e ./Algorithm/Task_Scheduler/Task_Scheduler.o
 .debug_macro   0x000000000001de88       0x2e ./Algorithm/Task_Scheduler/Task_Scheduler.o
 .debug_macro   0x000000000001deb6      0x11a ./Algorithm/Task_Scheduler/Task_Scheduler.o
 .debug_macro   0x000000000001dfd0       0x7e ./Algorithm/Task_Scheduler/Task_Scheduler.o
 .debug_macro   0x000000000001e04e       0x89 ./Algorithm/Task_Scheduler/Task_Scheduler.o
 .debug_macro   0x000000000001e0d7      0x225 ./Algorithm/Task_Scheduler/Task_Scheduler.o
 .debug_macro   0x000000000001e2fc      0x8d1 ./Algorithm/Task_Scheduler/Task_Scheduler.o
 .debug_macro   0x000000000001ebcd       0x47 ./Algorithm/Task_Scheduler/Task_Scheduler.o
 .debug_macro   0x000000000001ec14      0x12d ./Algorithm/Task_Scheduler/Task_Scheduler.o
 .debug_macro   0x000000000001ed41       0x22 ./Algorithm/Task_Scheduler/Task_Scheduler.o
 .debug_macro   0x000000000001ed63      0x1e2 ./Core/Src/gpio.o
 .debug_macro   0x000000000001ef45      0xaa8 ./Core/Src/gpio.o
 .debug_macro   0x000000000001f9ed     0x102d ./Core/Src/gpio.o
 .debug_macro   0x0000000000020a1a      0x174 ./Core/Src/gpio.o
 .debug_macro   0x0000000000020b8e      0x208 ./Core/Src/main.o
 .debug_macro   0x0000000000020d96       0x28 ./Core/Src/main.o
 .debug_macro   0x0000000000020dbe      0x1d8 ./Core/Src/stm32f4xx_hal_msp.o
 .debug_macro   0x0000000000020f96      0x1e2 ./Core/Src/stm32f4xx_it.o
 .debug_macro   0x0000000000021178      0x24c ./Core/Src/syscalls.o
 .debug_macro   0x00000000000213c4       0x4c ./Core/Src/syscalls.o
 .debug_macro   0x0000000000021410       0x18 ./Core/Src/syscalls.o
 .debug_macro   0x0000000000021428       0x94 ./Core/Src/syscalls.o
 .debug_macro   0x00000000000214bc       0x3c ./Core/Src/syscalls.o
 .debug_macro   0x00000000000214f8       0x34 ./Core/Src/syscalls.o
 .debug_macro   0x000000000002152c       0x57 ./Core/Src/syscalls.o
 .debug_macro   0x0000000000021583      0x339 ./Core/Src/syscalls.o
 .debug_macro   0x00000000000218bc       0x16 ./Core/Src/syscalls.o
 .debug_macro   0x00000000000218d2       0x43 ./Core/Src/syscalls.o
 .debug_macro   0x0000000000021915       0x34 ./Core/Src/syscalls.o
 .debug_macro   0x0000000000021949       0x10 ./Core/Src/syscalls.o
 .debug_macro   0x0000000000021959       0x58 ./Core/Src/syscalls.o
 .debug_macro   0x00000000000219b1       0x71 ./Core/Src/syscalls.o
 .debug_macro   0x0000000000021a22       0x1c ./Core/Src/syscalls.o
 .debug_macro   0x0000000000021a3e      0x12a ./Core/Src/syscalls.o
 .debug_macro   0x0000000000021b68       0x10 ./Core/Src/syscalls.o
 .debug_macro   0x0000000000021b78       0x35 ./Core/Src/syscalls.o
 .debug_macro   0x0000000000021bad       0x10 ./Core/Src/syscalls.o
 .debug_macro   0x0000000000021bbd       0x10 ./Core/Src/syscalls.o
 .debug_macro   0x0000000000021bcd       0x10 ./Core/Src/syscalls.o
 .debug_macro   0x0000000000021bdd       0x1c ./Core/Src/syscalls.o
 .debug_macro   0x0000000000021bf9       0x52 ./Core/Src/syscalls.o
 .debug_macro   0x0000000000021c4b       0x22 ./Core/Src/syscalls.o
 .debug_macro   0x0000000000021c6d       0x10 ./Core/Src/syscalls.o
 .debug_macro   0x0000000000021c7d       0x40 ./Core/Src/syscalls.o
 .debug_macro   0x0000000000021cbd       0xd5 ./Core/Src/syscalls.o
 .debug_macro   0x0000000000021d92       0x1c ./Core/Src/syscalls.o
 .debug_macro   0x0000000000021dae       0x3d ./Core/Src/syscalls.o
 .debug_macro   0x0000000000021deb       0x35 ./Core/Src/syscalls.o
 .debug_macro   0x0000000000021e20      0x12c ./Core/Src/syscalls.o
 .debug_macro   0x0000000000021f4c       0x16 ./Core/Src/syscalls.o
 .debug_macro   0x0000000000021f62       0x16 ./Core/Src/syscalls.o
 .debug_macro   0x0000000000021f78       0x29 ./Core/Src/syscalls.o
 .debug_macro   0x0000000000021fa1       0x10 ./Core/Src/syscalls.o
 .debug_macro   0x0000000000021fb1      0x241 ./Core/Src/syscalls.o
 .debug_macro   0x00000000000221f2       0x1c ./Core/Src/syscalls.o
 .debug_macro   0x000000000002220e       0x10 ./Core/Src/syscalls.o
 .debug_macro   0x000000000002221e       0x10 ./Core/Src/syscalls.o
 .debug_macro   0x000000000002222e       0x16 ./Core/Src/syscalls.o
 .debug_macro   0x0000000000022244      0x145 ./Core/Src/syscalls.o
 .debug_macro   0x0000000000022389      0x189 ./Core/Src/syscalls.o
 .debug_macro   0x0000000000022512       0x16 ./Core/Src/syscalls.o
 .debug_macro   0x0000000000022528       0xce ./Core/Src/syscalls.o
 .debug_macro   0x00000000000225f6       0xff ./Core/Src/sysmem.o
 .debug_macro   0x00000000000226f5      0x23b ./Core/Src/sysmem.o
 .debug_macro   0x0000000000022930      0x1ce ./Core/Src/system_stm32f4xx.o
 .debug_macro   0x0000000000022afe      0x1e2 ./Core/Src/tim.o
 .debug_macro   0x0000000000022ce0      0x22e ./Drivers/STM32F4xx_HAL_Driver/Src/stm32f4xx_hal.o
 .debug_macro   0x0000000000022f0e      0x1ce ./Drivers/STM32F4xx_HAL_Driver/Src/stm32f4xx_hal_cortex.o
 .debug_macro   0x00000000000230dc      0x1d4 ./Drivers/STM32F4xx_HAL_Driver/Src/stm32f4xx_hal_gpio.o
 .debug_macro   0x00000000000232b0      0x1f2 ./Drivers/STM32F4xx_HAL_Driver/Src/stm32f4xx_hal_rcc.o
 .debug_macro   0x00000000000234a2      0x1cf ./Drivers/STM32F4xx_HAL_Driver/Src/stm32f4xx_hal_tim.o
 .debug_macro   0x0000000000023671      0x1ce ./Drivers/STM32F4xx_HAL_Driver/Src/stm32f4xx_hal_tim_ex.o
 .debug_macro   0x000000000002383f      0x1f6 ./Hardware/TIMER/TIMER.o

.debug_line     0x0000000000000000     0xdaa7
 .debug_line    0x0000000000000000      0x977 ./Algorithm/Task_Scheduler/Task_Scheduler.o
 .debug_line    0x0000000000000977      0x74a ./Core/Src/gpio.o
 .debug_line    0x00000000000010c1      0x8a9 ./Core/Src/main.o
 .debug_line    0x000000000000196a      0x73b ./Core/Src/stm32f4xx_hal_msp.o
 .debug_line    0x00000000000020a5      0x826 ./Core/Src/stm32f4xx_it.o
 .debug_line    0x00000000000028cb      0x94e ./Core/Src/syscalls.o
 .debug_line    0x0000000000003219      0x644 ./Core/Src/sysmem.o
 .debug_line    0x000000000000385d      0x7ba ./Core/Src/system_stm32f4xx.o
 .debug_line    0x0000000000004017      0xbeb ./Core/Src/tim.o
 .debug_line    0x0000000000004c02       0x88 ./Core/Startup/startup_stm32f407zgtx.o
 .debug_line    0x0000000000004c8a      0xa20 ./Drivers/STM32F4xx_HAL_Driver/Src/stm32f4xx_hal.o
 .debug_line    0x00000000000056aa      0xccf ./Drivers/STM32F4xx_HAL_Driver/Src/stm32f4xx_hal_cortex.o
 .debug_line    0x0000000000006379      0xb96 ./Drivers/STM32F4xx_HAL_Driver/Src/stm32f4xx_hal_gpio.o
 .debug_line    0x0000000000006f0f      0xd9a ./Drivers/STM32F4xx_HAL_Driver/Src/stm32f4xx_hal_rcc.o
 .debug_line    0x0000000000007ca9     0x3714 ./Drivers/STM32F4xx_HAL_Driver/Src/stm32f4xx_hal_tim.o
 .debug_line    0x000000000000b3bd     0x1a1d ./Drivers/STM32F4xx_HAL_Driver/Src/stm32f4xx_hal_tim_ex.o
 .debug_line    0x000000000000cdda      0xccd ./Hardware/TIMER/TIMER.o

.debug_str      0x0000000000000000    0xcc17f
 .debug_str     0x0000000000000000    0xc3801 ./Algorithm/Task_Scheduler/Task_Scheduler.o
                                      0xc3c76 (size before relaxing)
 .debug_str     0x00000000000c3801      0x346 ./Core/Src/gpio.o
                                      0xc2f30 (size before relaxing)
 .debug_str     0x00000000000c3b47      0x1e3 ./Core/Src/main.o
                                      0xc3c8c (size before relaxing)
 .debug_str     0x00000000000c3d2a      0x4fd ./Core/Src/stm32f4xx_hal_msp.o
                                      0xc3381 (size before relaxing)
 .debug_str     0x00000000000c4227       0xe0 ./Core/Src/stm32f4xx_it.o
                                      0xc336b (size before relaxing)
 .debug_str     0x00000000000c4307     0x5796 ./Core/Src/syscalls.o
                                       0x8eca (size before relaxing)
 .debug_str     0x00000000000c9a9d       0x6b ./Core/Src/sysmem.o
                                       0x629d (size before relaxing)
 .debug_str     0x00000000000c9b08       0xaf ./Core/Src/system_stm32f4xx.o
                                      0xc2f05 (size before relaxing)
 .debug_str     0x00000000000c9bb7      0x1d2 ./Core/Src/tim.o
                                      0xc3bf4 (size before relaxing)
 .debug_str     0x00000000000c9d89       0x36 ./Core/Startup/startup_stm32f407zgtx.o
                                         0x6e (size before relaxing)
 .debug_str     0x00000000000c9dbf      0x576 ./Drivers/STM32F4xx_HAL_Driver/Src/stm32f4xx_hal.o
                                      0xc39e7 (size before relaxing)
 .debug_str     0x00000000000ca335      0x38f ./Drivers/STM32F4xx_HAL_Driver/Src/stm32f4xx_hal_cortex.o
                                      0xc37d6 (size before relaxing)
 .debug_str     0x00000000000ca6c4      0x15f ./Drivers/STM32F4xx_HAL_Driver/Src/stm32f4xx_hal_gpio.o
                                      0xc30ac (size before relaxing)
 .debug_str     0x00000000000ca823      0x24e ./Drivers/STM32F4xx_HAL_Driver/Src/stm32f4xx_hal_rcc.o
                                      0xc3307 (size before relaxing)
 .debug_str     0x00000000000caa71      0xd54 ./Drivers/STM32F4xx_HAL_Driver/Src/stm32f4xx_hal_tim.o
                                      0xc4234 (size before relaxing)
 .debug_str     0x00000000000cb7c5      0x45a ./Drivers/STM32F4xx_HAL_Driver/Src/stm32f4xx_hal_tim_ex.o
                                      0xc39e5 (size before relaxing)
 .debug_str     0x00000000000cbc1f      0x560 ./Hardware/TIMER/TIMER.o
                                      0xc475a (size before relaxing)

.comment        0x0000000000000000       0x53
 .comment       0x0000000000000000       0x53 ./Algorithm/Task_Scheduler/Task_Scheduler.o
                                         0x54 (size before relaxing)
 .comment       0x0000000000000053       0x54 ./Core/Src/gpio.o
 .comment       0x0000000000000053       0x54 ./Core/Src/main.o
 .comment       0x0000000000000053       0x54 ./Core/Src/stm32f4xx_hal_msp.o
 .comment       0x0000000000000053       0x54 ./Core/Src/stm32f4xx_it.o
 .comment       0x0000000000000053       0x54 ./Core/Src/syscalls.o
 .comment       0x0000000000000053       0x54 ./Core/Src/sysmem.o
 .comment       0x0000000000000053       0x54 ./Core/Src/system_stm32f4xx.o
 .comment       0x0000000000000053       0x54 ./Core/Src/tim.o
 .comment       0x0000000000000053       0x54 ./Drivers/STM32F4xx_HAL_Driver/Src/stm32f4xx_hal.o
 .comment       0x0000000000000053       0x54 ./Drivers/STM32F4xx_HAL_Driver/Src/stm32f4xx_hal_cortex.o
 .comment       0x0000000000000053       0x54 ./Drivers/STM32F4xx_HAL_Driver/Src/stm32f4xx_hal_gpio.o
 .comment       0x0000000000000053       0x54 ./Drivers/STM32F4xx_HAL_Driver/Src/stm32f4xx_hal_rcc.o
 .comment       0x0000000000000053       0x54 ./Drivers/STM32F4xx_HAL_Driver/Src/stm32f4xx_hal_tim.o
 .comment       0x0000000000000053       0x54 ./Drivers/STM32F4xx_HAL_Driver/Src/stm32f4xx_hal_tim_ex.o
 .comment       0x0000000000000053       0x54 ./Hardware/TIMER/TIMER.o

.debug_frame    0x0000000000000000     0x32c8
 .debug_frame   0x0000000000000000      0x1a4 ./Algorithm/Task_Scheduler/Task_Scheduler.o
 .debug_frame   0x00000000000001a4       0x34 ./Core/Src/gpio.o
 .debug_frame   0x00000000000001d8       0x90 ./Core/Src/main.o
 .debug_frame   0x0000000000000268       0x34 ./Core/Src/stm32f4xx_hal_msp.o
 .debug_frame   0x000000000000029c      0x140 ./Core/Src/stm32f4xx_it.o
 .debug_frame   0x00000000000003dc      0x2ac ./Core/Src/syscalls.o
 .debug_frame   0x0000000000000688       0x34 ./Core/Src/sysmem.o
 .debug_frame   0x00000000000006bc       0x58 ./Core/Src/system_stm32f4xx.o
 .debug_frame   0x0000000000000714      0x158 ./Core/Src/tim.o
 .debug_frame   0x000000000000086c      0x374 ./Drivers/STM32F4xx_HAL_Driver/Src/stm32f4xx_hal.o
 .debug_frame   0x0000000000000be0      0x498 ./Drivers/STM32F4xx_HAL_Driver/Src/stm32f4xx_hal_cortex.o
 .debug_frame   0x0000000000001078      0x14c ./Drivers/STM32F4xx_HAL_Driver/Src/stm32f4xx_hal_gpio.o
 .debug_frame   0x00000000000011c4      0x1ec ./Drivers/STM32F4xx_HAL_Driver/Src/stm32f4xx_hal_rcc.o
 .debug_frame   0x00000000000013b0     0x11c4 ./Drivers/STM32F4xx_HAL_Driver/Src/stm32f4xx_hal_tim.o
 .debug_frame   0x0000000000002574      0x638 ./Drivers/STM32F4xx_HAL_Driver/Src/stm32f4xx_hal_tim_ex.o
 .debug_frame   0x0000000000002bac      0x288 ./Hardware/TIMER/TIMER.o
 .debug_frame   0x0000000000002e34       0x20 d:/program files (x86)/stm32cubeide_1.7.0/stm32cubeide/plugins/com.st.stm32cube.ide.mcu.externaltools.gnu-tools-for-stm32.9-2020-q2-update.win32_2.0.0.202105311346/tools/bin/../lib/gcc/arm-none-eabi/9.3.1/../../../../arm-none-eabi/lib/thumb/v7e-m+fp/hard\libstdc++_nano.a(del_ops.o)
 .debug_frame   0x0000000000002e54       0x28 d:/program files (x86)/stm32cubeide_1.7.0/stm32cubeide/plugins/com.st.stm32cube.ide.mcu.externaltools.gnu-tools-for-stm32.9-2020-q2-update.win32_2.0.0.202105311346/tools/bin/../lib/gcc/arm-none-eabi/9.3.1/../../../../arm-none-eabi/lib/thumb/v7e-m+fp/hard\libstdc++_nano.a(new_op.o)
 .debug_frame   0x0000000000002e7c       0x20 d:/program files (x86)/stm32cubeide_1.7.0/stm32cubeide/plugins/com.st.stm32cube.ide.mcu.externaltools.gnu-tools-for-stm32.9-2020-q2-update.win32_2.0.0.202105311346/tools/bin/../lib/gcc/arm-none-eabi/9.3.1/../../../../arm-none-eabi/lib/thumb/v7e-m+fp/hard\libstdc++_nano.a(del_op.o)
 .debug_frame   0x0000000000002e9c       0x30 d:/program files (x86)/stm32cubeide_1.7.0/stm32cubeide/plugins/com.st.stm32cube.ide.mcu.externaltools.gnu-tools-for-stm32.9-2020-q2-update.win32_2.0.0.202105311346/tools/bin/../lib/gcc/arm-none-eabi/9.3.1/../../../../arm-none-eabi/lib/thumb/v7e-m+fp/hard\libstdc++_nano.a(new_handler.o)
 .debug_frame   0x0000000000002ecc       0x28 d:/program files (x86)/stm32cubeide_1.7.0/stm32cubeide/plugins/com.st.stm32cube.ide.mcu.externaltools.gnu-tools-for-stm32.9-2020-q2-update.win32_2.0.0.202105311346/tools/bin/../lib/gcc/arm-none-eabi/9.3.1/../../../../arm-none-eabi/lib/thumb/v7e-m+fp/hard\libc_nano.a(lib_a-abort.o)
 .debug_frame   0x0000000000002ef4       0x20 d:/program files (x86)/stm32cubeide_1.7.0/stm32cubeide/plugins/com.st.stm32cube.ide.mcu.externaltools.gnu-tools-for-stm32.9-2020-q2-update.win32_2.0.0.202105311346/tools/bin/../lib/gcc/arm-none-eabi/9.3.1/../../../../arm-none-eabi/lib/thumb/v7e-m+fp/hard\libc_nano.a(lib_a-errno.o)
 .debug_frame   0x0000000000002f14       0x2c d:/program files (x86)/stm32cubeide_1.7.0/stm32cubeide/plugins/com.st.stm32cube.ide.mcu.externaltools.gnu-tools-for-stm32.9-2020-q2-update.win32_2.0.0.202105311346/tools/bin/../lib/gcc/arm-none-eabi/9.3.1/../../../../arm-none-eabi/lib/thumb/v7e-m+fp/hard\libc_nano.a(lib_a-init.o)
 .debug_frame   0x0000000000002f40       0x30 d:/program files (x86)/stm32cubeide_1.7.0/stm32cubeide/plugins/com.st.stm32cube.ide.mcu.externaltools.gnu-tools-for-stm32.9-2020-q2-update.win32_2.0.0.202105311346/tools/bin/../lib/gcc/arm-none-eabi/9.3.1/../../../../arm-none-eabi/lib/thumb/v7e-m+fp/hard\libc_nano.a(lib_a-malloc.o)
 .debug_frame   0x0000000000002f70       0x20 d:/program files (x86)/stm32cubeide_1.7.0/stm32cubeide/plugins/com.st.stm32cube.ide.mcu.externaltools.gnu-tools-for-stm32.9-2020-q2-update.win32_2.0.0.202105311346/tools/bin/../lib/gcc/arm-none-eabi/9.3.1/../../../../arm-none-eabi/lib/thumb/v7e-m+fp/hard\libc_nano.a(lib_a-memset.o)
 .debug_frame   0x0000000000002f90       0x38 d:/program files (x86)/stm32cubeide_1.7.0/stm32cubeide/plugins/com.st.stm32cube.ide.mcu.externaltools.gnu-tools-for-stm32.9-2020-q2-update.win32_2.0.0.202105311346/tools/bin/../lib/gcc/arm-none-eabi/9.3.1/../../../../arm-none-eabi/lib/thumb/v7e-m+fp/hard\libc_nano.a(lib_a-nano-freer.o)
 .debug_frame   0x0000000000002fc8       0x30 d:/program files (x86)/stm32cubeide_1.7.0/stm32cubeide/plugins/com.st.stm32cube.ide.mcu.externaltools.gnu-tools-for-stm32.9-2020-q2-update.win32_2.0.0.202105311346/tools/bin/../lib/gcc/arm-none-eabi/9.3.1/../../../../arm-none-eabi/lib/thumb/v7e-m+fp/hard\libc_nano.a(lib_a-nano-mallocr.o)
 .debug_frame   0x0000000000002ff8       0x2c d:/program files (x86)/stm32cubeide_1.7.0/stm32cubeide/plugins/com.st.stm32cube.ide.mcu.externaltools.gnu-tools-for-stm32.9-2020-q2-update.win32_2.0.0.202105311346/tools/bin/../lib/gcc/arm-none-eabi/9.3.1/../../../../arm-none-eabi/lib/thumb/v7e-m+fp/hard\libc_nano.a(lib_a-sbrkr.o)
 .debug_frame   0x0000000000003024       0xcc d:/program files (x86)/stm32cubeide_1.7.0/stm32cubeide/plugins/com.st.stm32cube.ide.mcu.externaltools.gnu-tools-for-stm32.9-2020-q2-update.win32_2.0.0.202105311346/tools/bin/../lib/gcc/arm-none-eabi/9.3.1/../../../../arm-none-eabi/lib/thumb/v7e-m+fp/hard\libc_nano.a(lib_a-signal.o)
 .debug_frame   0x00000000000030f0       0x3c d:/program files (x86)/stm32cubeide_1.7.0/stm32cubeide/plugins/com.st.stm32cube.ide.mcu.externaltools.gnu-tools-for-stm32.9-2020-q2-update.win32_2.0.0.202105311346/tools/bin/../lib/gcc/arm-none-eabi/9.3.1/../../../../arm-none-eabi/lib/thumb/v7e-m+fp/hard\libc_nano.a(lib_a-signalr.o)
 .debug_frame   0x000000000000312c       0x30 d:/program files (x86)/stm32cubeide_1.7.0/stm32cubeide/plugins/com.st.stm32cube.ide.mcu.externaltools.gnu-tools-for-stm32.9-2020-q2-update.win32_2.0.0.202105311346/tools/bin/../lib/gcc/arm-none-eabi/9.3.1/../../../../arm-none-eabi/lib/thumb/v7e-m+fp/hard\libc_nano.a(lib_a-mlock.o)
 .debug_frame   0x000000000000315c       0x5c d:/program files (x86)/stm32cubeide_1.7.0/stm32cubeide/plugins/com.st.stm32cube.ide.mcu.externaltools.gnu-tools-for-stm32.9-2020-q2-update.win32_2.0.0.202105311346/tools/bin/../lib/gcc/arm-none-eabi/9.3.1/../../../../arm-none-eabi/lib/thumb/v7e-m+fp/hard\libc_nano.a(lib_a-reent.o)
 .debug_frame   0x00000000000031b8       0xb0 d:/program files (x86)/stm32cubeide_1.7.0/stm32cubeide/plugins/com.st.stm32cube.ide.mcu.externaltools.gnu-tools-for-stm32.9-2020-q2-update.win32_2.0.0.202105311346/tools/bin/../lib/gcc/arm-none-eabi/9.3.1/../../../../arm-none-eabi/lib/thumb/v7e-m+fp/hard\libc_nano.a(lib_a-lock.o)
 .debug_frame   0x0000000000003268       0x2c d:/program files (x86)/stm32cubeide_1.7.0/stm32cubeide/plugins/com.st.stm32cube.ide.mcu.externaltools.gnu-tools-for-stm32.9-2020-q2-update.win32_2.0.0.202105311346/tools/bin/../lib/gcc/arm-none-eabi/9.3.1/thumb/v7e-m+fp/hard\libgcc.a(_aeabi_uldivmod.o)
 .debug_frame   0x0000000000003294       0x34 d:/program files (x86)/stm32cubeide_1.7.0/stm32cubeide/plugins/com.st.stm32cube.ide.mcu.externaltools.gnu-tools-for-stm32.9-2020-q2-update.win32_2.0.0.202105311346/tools/bin/../lib/gcc/arm-none-eabi/9.3.1/thumb/v7e-m+fp/hard\libgcc.a(_udivmoddi4.o)
